Archive member included to satisfy reference by file (symbol)

/home/guack/ISEL/6º semestre/SEIoT/DRIVERS/Release/libDRIVERS.a(delay.o)
                              ./src/display.o (DELAY_Init)
/home/guack/ISEL/6º semestre/SEIoT/DRIVERS/Release/libDRIVERS.a(led.o)
                              ./src/task_app.o (LED_Init)
/home/guack/ISEL/6º semestre/SEIoT/DRIVERS/Release/libDRIVERS.a(pin.o)
                              /home/guack/ISEL/6º semestre/SEIoT/DRIVERS/Release/libDRIVERS.a(led.o) (PIN_Direction)
/home/guack/ISEL/6º semestre/SEIoT/DRIVERS/Release/libDRIVERS.a(pinconfig.o)
                              /home/guack/ISEL/6º semestre/SEIoT/DRIVERS/Release/libDRIVERS.a(led.o) (PINCFG_Function)
/home/guack/ISEL/6º semestre/SEIoT/CMSIS_CORE_LPC17xx/Debug/libCMSIS_CORE_LPC17xx.a(system_LPC17xx.o)
                              /home/guack/ISEL/6º semestre/SEIoT/DRIVERS/Release/libDRIVERS.a(delay.o) (SystemCoreClockUpdate)
/opt/mcuxpresso-ide/ide/plugins/com.nxp.mcuxpresso.tools.linux_25.6.0.202501151204/tools/bin/../lib/gcc/arm-none-eabi/14.2.1/thumb/v7-m/nofp/libgcc.a(_aeabi_uldivmod.o)
                              /home/guack/ISEL/6º semestre/SEIoT/CMSIS_CORE_LPC17xx/Debug/libCMSIS_CORE_LPC17xx.a(system_LPC17xx.o) (__aeabi_uldivmod)
/opt/mcuxpresso-ide/ide/plugins/com.nxp.mcuxpresso.tools.linux_25.6.0.202501151204/tools/bin/../lib/gcc/arm-none-eabi/14.2.1/thumb/v7-m/nofp/libgcc.a(_udivmoddi4.o)
                              /opt/mcuxpresso-ide/ide/plugins/com.nxp.mcuxpresso.tools.linux_25.6.0.202501151204/tools/bin/../lib/gcc/arm-none-eabi/14.2.1/thumb/v7-m/nofp/libgcc.a(_aeabi_uldivmod.o) (__udivmoddi4)
/opt/mcuxpresso-ide/ide/plugins/com.nxp.mcuxpresso.tools.linux_25.6.0.202501151204/tools/bin/../lib/gcc/arm-none-eabi/14.2.1/thumb/v7-m/nofp/libgcc.a(_dvmd_tls.o)
                              /opt/mcuxpresso-ide/ide/plugins/com.nxp.mcuxpresso.tools.linux_25.6.0.202501151204/tools/bin/../lib/gcc/arm-none-eabi/14.2.1/thumb/v7-m/nofp/libgcc.a(_aeabi_uldivmod.o) (__aeabi_ldiv0)
/opt/mcuxpresso-ide/ide/plugins/com.nxp.mcuxpresso.tools.linux_25.6.0.202501151204/tools/bin/../lib/gcc/arm-none-eabi/14.2.1/../../../../arm-none-eabi/lib/thumb/v7-m/nofp/libc_nano.a(libc_a-nano-vfprintf_float.o)
                              (_printf_float)
/opt/mcuxpresso-ide/ide/plugins/com.nxp.mcuxpresso.tools.linux_25.6.0.202501151204/tools/bin/../lib/gcc/arm-none-eabi/14.2.1/../../../../arm-none-eabi/lib/thumb/v7-m/nofp/libc_nano.a(libc_a-nano-vfprintf_i.o)
                              /opt/mcuxpresso-ide/ide/plugins/com.nxp.mcuxpresso.tools.linux_25.6.0.202501151204/tools/bin/../lib/gcc/arm-none-eabi/14.2.1/../../../../arm-none-eabi/lib/thumb/v7-m/nofp/libc_nano.a(libc_a-nano-vfprintf_float.o) (_printf_common)
/opt/mcuxpresso-ide/ide/plugins/com.nxp.mcuxpresso.tools.linux_25.6.0.202501151204/tools/bin/../lib/gcc/arm-none-eabi/14.2.1/../../../../arm-none-eabi/lib/thumb/v7-m/nofp/libc_nano.a(libc_a-findfp.o)
                              ./rtos/src/tasks.o (__sf)
/opt/mcuxpresso-ide/ide/plugins/com.nxp.mcuxpresso.tools.linux_25.6.0.202501151204/tools/bin/../lib/gcc/arm-none-eabi/14.2.1/../../../../arm-none-eabi/lib/thumb/v7-m/nofp/libc_nano.a(libc_a-fwalk.o)
                              /opt/mcuxpresso-ide/ide/plugins/com.nxp.mcuxpresso.tools.linux_25.6.0.202501151204/tools/bin/../lib/gcc/arm-none-eabi/14.2.1/../../../../arm-none-eabi/lib/thumb/v7-m/nofp/libc_nano.a(libc_a-findfp.o) (_fwalk_sglue)
/opt/mcuxpresso-ide/ide/plugins/com.nxp.mcuxpresso.tools.linux_25.6.0.202501151204/tools/bin/../lib/gcc/arm-none-eabi/14.2.1/../../../../arm-none-eabi/lib/thumb/v7-m/nofp/libc_nano.a(libc_a-snprintf.o)
                              ./rtos/src/tasks.o (snprintf)
/opt/mcuxpresso-ide/ide/plugins/com.nxp.mcuxpresso.tools.linux_25.6.0.202501151204/tools/bin/../lib/gcc/arm-none-eabi/14.2.1/../../../../arm-none-eabi/lib/thumb/v7-m/nofp/libc_nano.a(libc_a-stdio.o)
                              /opt/mcuxpresso-ide/ide/plugins/com.nxp.mcuxpresso.tools.linux_25.6.0.202501151204/tools/bin/../lib/gcc/arm-none-eabi/14.2.1/../../../../arm-none-eabi/lib/thumb/v7-m/nofp/libc_nano.a(libc_a-findfp.o) (__sread)
/opt/mcuxpresso-ide/ide/plugins/com.nxp.mcuxpresso.tools.linux_25.6.0.202501151204/tools/bin/../lib/gcc/arm-none-eabi/14.2.1/../../../../arm-none-eabi/lib/thumb/v7-m/nofp/libc_nano.a(libc_a-memset.o)
                              ./rtos/src/portable/MemMang/heap_4.o (memset)
/opt/mcuxpresso-ide/ide/plugins/com.nxp.mcuxpresso.tools.linux_25.6.0.202501151204/tools/bin/../lib/gcc/arm-none-eabi/14.2.1/../../../../arm-none-eabi/lib/thumb/v7-m/nofp/libc_nano.a(libc_a-localeconv.o)
                              /opt/mcuxpresso-ide/ide/plugins/com.nxp.mcuxpresso.tools.linux_25.6.0.202501151204/tools/bin/../lib/gcc/arm-none-eabi/14.2.1/../../../../arm-none-eabi/lib/thumb/v7-m/nofp/libc_nano.a(libc_a-nano-vfprintf_float.o) (_localeconv_r)
[...]
Memory Configuration

Name             Origin             Length             Attributes
MFlash512        0x00000000         0x00080000         xr
RamLoc32         0x10000000         0x00008000         xrw
RamAHB32         0x2007c000         0x00008000         xrw
*default*        0x00000000         0xffffffff

Linker script and memory map

LOAD ./src/cr_startup_lpc175x_6x-FreeRTOS.o
LOAD ./src/crp.o
LOAD ./src/display.o
LOAD ./src/main.o
LOAD ./src/retarget_printf.o
LOAD ./src/rtos-hooks.o
LOAD ./src/rtos-stat.o
LOAD ./src/task_app.o
LOAD ./rtos/src/portable/MemMang/heap_4.o
LOAD ./rtos/src/portable/GCC/ARM_CM3/port.o
LOAD ./rtos/src/portable/Common/mpu_wrappers.o
LOAD ./rtos/src/portable/Common/mpu_wrappers_v2.o
LOAD ./rtos/src/croutine.o
LOAD ./rtos/src/event_groups.o
LOAD ./rtos/src/list.o
LOAD ./rtos/src/queue.o
LOAD ./rtos/src/stream_buffer.o
LOAD ./rtos/src/tasks.o
LOAD ./rtos/src/timers.o
LOAD /home/guack/ISEL/6º semestre/SEIoT/DRIVERS/Release/libDRIVERS.a
LOAD /home/guack/ISEL/6º semestre/SEIoT/CMSIS_CORE_LPC17xx/Debug/libCMSIS_CORE_LPC17xx.a
START GROUP
LOAD /opt/mcuxpresso-ide/ide/plugins/com.nxp.mcuxpresso.tools.linux_25.6.0.202501151204/tools/bin/../lib/gcc/arm-none-eabi/14.2.1/thumb/v7-m/nofp/libgcc.a
LOAD /opt/mcuxpresso-ide/ide/plugins/com.nxp.mcuxpresso.tools.linux_25.6.0.202501151204/tools/bin/../lib/gcc/arm-none-eabi/14.2.1/../../../../arm-none-eabi/lib/thumb/v7-m/nofp/libc_nano.a
LOAD /opt/mcuxpresso-ide/ide/plugins/com.nxp.mcuxpresso.tools.linux_25.6.0.202501151204/tools/bin/../lib/gcc/arm-none-eabi/14.2.1/../../../../arm-none-eabi/lib/thumb/v7-m/nofp/libm.a
LOAD /opt/mcuxpresso-ide/ide/plugins/com.nxp.mcuxpresso.tools.linux_25.6.0.202501151204/tools/bin/../lib/gcc/arm-none-eabi/14.2.1/../../../../arm-none-eabi/lib/thumb/v7-m/nofp/libcr_newlib_nohost.a
END GROUP
                0x00000000                        __base_MFlash512 = 0x0
                0x00000000                        __base_Flash = 0x0
                0x00080000                        __top_MFlash512 = 0x80000
                0x00080000                        __top_Flash = 0x80000
                0x10000000                        __base_RamLoc32 = 0x10000000
                0x10000000                        __base_RAM = 0x10000000
                0x10008000                        __top_RamLoc32 = 0x10008000
                0x10008000                        __top_RAM = 0x10008000
                0x2007c000                        __base_RamAHB32 = 0x2007c000
                0x2007c000                        __base_RAM2 = 0x2007c000
                0x20084000                        __top_RamAHB32 = 0x20084000
                0x20084000                        __top_RAM2 = 0x20084000

.text           0x00000000     0x6834
 FILL mask 0xff
                0x00000000                        __vectors_start__ = ABSOLUTE (.)
 *(.isr_vector)
 .isr_vector    0x00000000       0xcc ./src/cr_startup_lpc175x_6x-FreeRTOS.o
                0x00000000                g_pfnVectors
                0x000000cc                        . = ALIGN (0x4)
                0x000000cc                        __section_table_start = .
                0x000000cc                        __data_section_table = .
                0x000000cc        0x4 LONG 0x683c LOADADDR (.data)
                0x000000d0        0x4 LONG 0x10000000 ADDR (.data)
                0x000000d4        0x4 LONG 0x1d0 SIZEOF (.data)
                0x000000d8        0x4 LONG 0x683c LOADADDR (.data_RAM2)
                0x000000dc        0x4 LONG 0x2007c000 ADDR (.data_RAM2)
                0x000000e0        0x4 LONG 0x0 SIZEOF (.data_RAM2)
                0x000000e4                        __data_section_table_end = .
                0x000000e4                        __bss_section_table = .
                0x000000e4        0x4 LONG 0x100001d0 ADDR (.bss)
                0x000000e8        0x4 LONG 0x52f8 SIZEOF (.bss)
                0x000000ec        0x4 LONG 0x2007c000 ADDR (.bss_RAM2)
                0x000000f0        0x4 LONG 0x0 SIZEOF (.bss_RAM2)
                0x000000f4                        __bss_section_table_end = .
                0x000000f4                        __section_table_end = .
 *(.after_vectors*)
 .after_vectors
                0x000000f4      0x148 ./src/cr_startup_lpc175x_6x-FreeRTOS.o
                0x000000f4                data_init
                0x00000138                bss_init
                0x00000170                ResetISR
                0x000001ec                NMI_Handler
                0x000001f4                HardFault_Handler
                0x000001fc                MemManage_Handler
                0x00000204                BusFault_Handler
                0x0000020c                UsageFault_Handler
                0x00000214                SVC_Handler
                0x0000021c                DebugMon_Handler
                0x00000224                PendSV_Handler
                0x0000022c                SysTick_Handler
                0x00000234                TIMER2_IRQHandler
                0x00000234                RIT_IRQHandler
                0x00000234                I2C0_IRQHandler
                0x00000234                USBActivity_IRQHandler
                0x00000234                PWM1_IRQHandler
                0x00000234                I2C1_IRQHandler
                0x00000234                EINT2_IRQHandler
                0x00000234                UART1_IRQHandler
                0x00000234                CANActivity_IRQHandler
                0x00000234                TIMER3_IRQHandler
                0x00000234                UART0_IRQHandler
                0x00000234                IntDefaultHandler
                0x00000234                PLL0_IRQHandler
                0x00000234                CAN_IRQHandler
                0x00000234                PLL1_IRQHandler
                0x00000234                SSP0_IRQHandler
                0x00000234                I2S_IRQHandler
                0x00000234                I2C2_IRQHandler
                0x00000234                RTC_IRQHandler
                0x00000234                TIMER0_IRQHandler
                0x00000234                SPI_IRQHandler
                0x00000234                EINT1_IRQHandler
                0x00000234                TIMER1_IRQHandler
                0x00000234                UART2_IRQHandler
                0x00000234                ADC_IRQHandler
                0x00000234                SSP1_IRQHandler
                0x00000234                USB_IRQHandler
                0x00000234                BOD_IRQHandler
                0x00000234                WDT_IRQHandler
                0x00000234                QEI_IRQHandler
                0x00000234                EINT0_IRQHandler
                0x00000234                DMA_IRQHandler
                0x00000234                UART3_IRQHandler
                0x00000234                MCPWM_IRQHandler
                0x00000234                ENET_IRQHandler
                0x000002fc                        . = 0x2fc
 *fill*         0x0000023c       0xc0 ff
                0x000002fc                        PROVIDE (__CRP_WORD_START__ = .)
 *(.crp)
 .crp           0x000002fc        0x4 ./src/crp.o
                0x000002fc                CRP_WORD
                0x00000300                        PROVIDE (__CRP_WORD_END__ = .)
                0x00000001                        ASSERT (! ((__CRP_WORD_START__ == __CRP_WORD_END__)), Linker CRP Enabled, but no CRP_WORD provided within application)
 *(.text*)
 .text.main     0x00000300       0x50 ./src/main.o
                0x00000300                main
 .text.__semihost
                0x00000350       0x1c ./src/retarget_printf.o
 .text.semihost_write
                0x0000036c       0x36 ./src/retarget_printf.o
 .text.putchar  0x000003a2       0x1c ./src/retarget_printf.o
 .text.printchar
                0x000003be       0x34 ./src/retarget_printf.o
 .text.prints   0x000003f2       0xb0 ./src/retarget_printf.o
 .text.printi   0x000004a2       0xd8 ./src/retarget_printf.o
 *fill*         0x0000057a        0x2 ff
 .text.print    0x0000057c      0x1d8 ./src/retarget_printf.o
 .text.printf   0x00000754       0x28 ./src/retarget_printf.o
                0x00000754                printf
 .text.vApplicationStackOverflowHook
                0x0000077c       0x38 ./src/rtos-hooks.o
                0x0000077c                vApplicationStackOverflowHook
 .text.vApplicationMallocFailedHook
                0x000007b4       0x28 ./src/rtos-hooks.o
                0x000007b4                vApplicationMallocFailedHook
 .text.vAssertCalled
                0x000007dc       0x68 ./src/rtos-hooks.o
                0x000007dc                vAssertCalled
 .text.TIMER_RuntimeStatsConfig
                0x00000844       0x64 ./src/rtos-stat.o
                0x00000844                TIMER_RuntimeStatsConfig
 .text.TIMER_RuntimeStatsGet
                0x000008a8       0x14 ./src/rtos-stat.o
                0x000008a8                TIMER_RuntimeStatsGet
 .text.APP_Task
                0x000008bc       0x1c ./src/task_app.o
                0x000008bc                APP_Task
 .text.App      0x000008d8       0x38 ./src/task_app.o
                0x000008d8                App
 .text.pvPortMalloc
                0x00000910      0x21c ./rtos/src/portable/MemMang/heap_4.o
                0x00000910                pvPortMalloc
 .text.vPortFree
                0x00000b2c       0xc8 ./rtos/src/portable/MemMang/heap_4.o
                0x00000b2c                vPortFree
 .text.prvHeapInit
                0x00000bf4       0xb4 ./rtos/src/portable/MemMang/heap_4.o
 .text.prvInsertBlockIntoFreeList
                0x00000ca8       0xe8 ./rtos/src/portable/MemMang/heap_4.o
 .text.pxPortInitialiseStack
                0x00000d90       0x58 ./rtos/src/portable/GCC/ARM_CM3/port.o
                0x00000d90                pxPortInitialiseStack
 .text.prvTaskExitError
                0x00000de8       0x4c ./rtos/src/portable/GCC/ARM_CM3/port.o
 *fill*         0x00000e34        0xc ff
 .text.vPortSVCHandler
                0x00000e40       0x28 ./rtos/src/portable/GCC/ARM_CM3/port.o
                0x00000e40                vPortSVCHandler
 .text.prvPortStartFirstTask
                0x00000e68       0x24 ./rtos/src/portable/GCC/ARM_CM3/port.o
 .text.xPortStartScheduler
                0x00000e8c      0x148 ./rtos/src/portable/GCC/ARM_CM3/port.o
                0x00000e8c                xPortStartScheduler
 .text.vPortEnterCritical
                0x00000fd4       0x54 ./rtos/src/portable/GCC/ARM_CM3/port.o
                0x00000fd4                vPortEnterCritical
 .text.vPortExitCritical
                0x00001028       0x48 ./rtos/src/portable/GCC/ARM_CM3/port.o
                0x00001028                vPortExitCritical
 .text.xPortPendSVHandler
                0x00001070       0x48 ./rtos/src/portable/GCC/ARM_CM3/port.o
                0x00001070                xPortPendSVHandler
 .text.xPortSysTickHandler
                0x000010b8       0x44 ./rtos/src/portable/GCC/ARM_CM3/port.o
                0x000010b8                xPortSysTickHandler
 .text.vPortSetupTimerInterrupt
                0x000010fc       0x44 ./rtos/src/portable/GCC/ARM_CM3/port.o
                0x000010fc                vPortSetupTimerInterrupt
 .text.vListInitialise
                0x00001140       0x3e ./rtos/src/list.o
                0x00001140                vListInitialise
 .text.vListInitialiseItem
                0x0000117e       0x18 ./rtos/src/list.o
                0x0000117e                vListInitialiseItem
 .text.vListInsert
                0x00001196       0x70 ./rtos/src/list.o
                0x00001196                vListInsert
 .text.uxListRemove
                0x00001206       0x52 ./rtos/src/list.o
                0x00001206                uxListRemove
 .text.xQueueGenericReset
                0x00001258      0x10c ./rtos/src/queue.o
                0x00001258                xQueueGenericReset
 .text.xQueueGenericCreate
                0x00001364       0x94 ./rtos/src/queue.o
                0x00001364                xQueueGenericCreate
 .text.prvInitialiseNewQueue
                0x000013f8       0x46 ./rtos/src/queue.o
 *fill*         0x0000143e        0x2 ff
 .text.xQueueReceive
                0x00001440      0x1a0 ./rtos/src/queue.o
                0x00001440                xQueueReceive
 .text.prvCopyDataFromQueue
                0x000015e0       0x4c ./rtos/src/queue.o
 .text.prvUnlockQueue
                0x0000162c       0xa4 ./rtos/src/queue.o
 .text.prvIsQueueEmpty
                0x000016d0       0x2c ./rtos/src/queue.o
 .text.vQueueAddToRegistry
                0x000016fc       0x90 ./rtos/src/queue.o
                0x000016fc                vQueueAddToRegistry
 .text.vQueueWaitForMessageRestricted
                0x0000178c       0x68 ./rtos/src/queue.o
                0x0000178c                vQueueWaitForMessageRestricted
 .text.prvCreateTask
                0x000017f4       0x78 ./rtos/src/tasks.o
 .text.xTaskCreate
                0x0000186c       0x46 ./rtos/src/tasks.o
                0x0000186c                xTaskCreate
 *fill*         0x000018b2        0x2 ff
 .text.prvInitialiseNewTask
                0x000018b4      0x13c ./rtos/src/tasks.o
 .text.prvAddNewTaskToReadyList
                0x000019f0      0x130 ./rtos/src/tasks.o
 .text.vTaskDelay
                0x00001b20       0x60 ./rtos/src/tasks.o
                0x00001b20                vTaskDelay
 .text.prvCreateIdleTasks
                0x00001b80       0x94 ./rtos/src/tasks.o
 .text.vTaskStartScheduler
                0x00001c14       0x94 ./rtos/src/tasks.o
                0x00001c14                vTaskStartScheduler
 .text.vTaskSuspendAll
                0x00001ca8       0x1c ./rtos/src/tasks.o
                0x00001ca8                vTaskSuspendAll
 .text.xTaskResumeAll
                0x00001cc4      0x208 ./rtos/src/tasks.o
                0x00001cc4                xTaskResumeAll
 .text.xTaskGetTickCount
                0x00001ecc       0x1c ./rtos/src/tasks.o
                0x00001ecc                xTaskGetTickCount
 .text.pcTaskGetName
                0x00001ee8       0x3c ./rtos/src/tasks.o
                0x00001ee8                pcTaskGetName
 .text.xTaskIncrementTick
                0x00001f24      0x228 ./rtos/src/tasks.o
                0x00001f24                xTaskIncrementTick
 .text.vTaskSwitchContext
                0x0000214c      0x144 ./rtos/src/tasks.o
                0x0000214c                vTaskSwitchContext
 .text.vTaskPlaceOnEventList
                0x00002290       0x40 ./rtos/src/tasks.o
                0x00002290                vTaskPlaceOnEventList
 .text.vTaskPlaceOnEventListRestricted
                0x000022d0       0x84 ./rtos/src/tasks.o
                0x000022d0                vTaskPlaceOnEventListRestricted
 .text.xTaskRemoveFromEventList
                0x00002354      0x1a4 ./rtos/src/tasks.o
                0x00002354                xTaskRemoveFromEventList
 .text.vTaskInternalSetTimeOutState
                0x000024f8       0x2c ./rtos/src/tasks.o
                0x000024f8                vTaskInternalSetTimeOutState
 .text.xTaskCheckForTimeOut
                0x00002524       0xb8 ./rtos/src/tasks.o
                0x00002524                xTaskCheckForTimeOut
 .text.vTaskMissedYield
                0x000025dc       0x18 ./rtos/src/tasks.o
                0x000025dc                vTaskMissedYield
 .text.prvIdleTask
                0x000025f4        0xe ./rtos/src/tasks.o
 *fill*         0x00002602        0x2 ff
 .text.prvInitialiseTaskLists
                0x00002604       0x80 ./rtos/src/tasks.o
 .text.prvCheckTasksWaitingTermination
                0x00002684       0x5c ./rtos/src/tasks.o
 .text.prvDeleteTCB
                0x000026e0       0x2a ./rtos/src/tasks.o
 *fill*         0x0000270a        0x2 ff
 .text.prvResetNextTaskUnblockTime
                0x0000270c       0x34 ./rtos/src/tasks.o
 .text.xTaskGetSchedulerState
                0x00002740       0x3c ./rtos/src/tasks.o
                0x00002740                xTaskGetSchedulerState
 .text.prvAddCurrentTaskToDelayedList
                0x0000277c      0x104 ./rtos/src/tasks.o
 .text.xTimerCreateTimerTask
                0x00002880       0x5c ./rtos/src/timers.o
                0x00002880                xTimerCreateTimerTask
 .text.prvReloadTimer
                0x000028dc       0x42 ./rtos/src/timers.o
 *fill*         0x0000291e        0x2 ff
 .text.prvProcessExpiredTimer
                0x00002920       0x60 ./rtos/src/timers.o
 .text.prvTimerTask
                0x00002980       0x26 ./rtos/src/timers.o
 *fill*         0x000029a6        0x2 ff
 .text.prvProcessTimerOrBlockTask
                0x000029a8       0x9c ./rtos/src/timers.o
 .text.prvGetNextExpireTime
                0x00002a44       0x44 ./rtos/src/timers.o
 .text.prvSampleTimeNow
                0x00002a88       0x40 ./rtos/src/timers.o
 .text.prvInsertTimerInActiveList
                0x00002ac8       0x84 ./rtos/src/timers.o
 .text.prvProcessReceivedCommands
                0x00002b4c      0x184 ./rtos/src/timers.o
 .text.prvSwitchTimerLists
                0x00002cd0       0x4c ./rtos/src/timers.o
 .text.prvCheckForValidListAndQueue
                0x00002d1c       0x6c ./rtos/src/timers.o
 .text.LED_Init
                0x00002d88       0x28 /home/guack/ISEL/6º semestre/SEIoT/DRIVERS/Release/libDRIVERS.a(led.o)
                0x00002d88                LED_Init
 .text.LED_Toggle
                0x00002db0       0x20 /home/guack/ISEL/6º semestre/SEIoT/DRIVERS/Release/libDRIVERS.a(led.o)
                0x00002db0                LED_Toggle
 .text.PIN_Direction
                0x00002dd0       0x28 /home/guack/ISEL/6º semestre/SEIoT/DRIVERS/Release/libDRIVERS.a(pin.o)
                0x00002dd0                PIN_Direction
 .text.PIN_Set  0x00002df8       0x18 /home/guack/ISEL/6º semestre/SEIoT/DRIVERS/Release/libDRIVERS.a(pin.o)
                0x00002df8                PIN_Set
 .text.PIN_Clear
                0x00002e10       0x18 /home/guack/ISEL/6º semestre/SEIoT/DRIVERS/Release/libDRIVERS.a(pin.o)
                0x00002e10                PIN_Clear
 .text.PIN_Value
                0x00002e28       0x24 /home/guack/ISEL/6º semestre/SEIoT/DRIVERS/Release/libDRIVERS.a(pin.o)
                0x00002e28                PIN_Value
 .text.EINT3_IRQHandler
                0x00002e4c       0x10 /home/guack/ISEL/6º semestre/SEIoT/DRIVERS/Release/libDRIVERS.a(pin.o)
                0x00002e4c                EINT3_IRQHandler
 .text.PINCFG_Function
                0x00002e5c       0x40 /home/guack/ISEL/6º semestre/SEIoT/DRIVERS/Release/libDRIVERS.a(pinconfig.o)
                0x00002e5c                PINCFG_Function
 .text.SystemInit
                0x00002e9c       0xd8 /home/guack/ISEL/6º semestre/SEIoT/CMSIS_CORE_LPC17xx/Debug/libCMSIS_CORE_LPC17xx.a(system_LPC17xx.o)
                0x00002e9c                SystemInit
 .text.__cvt    0x00002f74       0xc8 /opt/mcuxpresso-ide/ide/plugins/com.nxp.mcuxpresso.tools.linux_25.6.0.202501151204/tools/bin/../lib/gcc/arm-none-eabi/14.2.1/../../../../arm-none-eabi/lib/thumb/v7-m/nofp/libc_nano.a(libc_a-nano-vfprintf_float.o)
                0x00002f74                __cvt
 .text.__exponent
                0x0000303c       0x74 /opt/mcuxpresso-ide/ide/plugins/com.nxp.mcuxpresso.tools.linux_25.6.0.202501151204/tools/bin/../lib/gcc/arm-none-eabi/14.2.1/../../../../arm-none-eabi/lib/thumb/v7-m/nofp/libc_nano.a(libc_a-nano-vfprintf_float.o)
                0x0000303c                __exponent
 .text._printf_float
                0x000030b0      0x458 /opt/mcuxpresso-ide/ide/plugins/com.nxp.mcuxpresso.tools.linux_25.6.0.202501151204/tools/bin/../lib/gcc/arm-none-eabi/14.2.1/../../../../arm-none-eabi/lib/thumb/v7-m/nofp/libc_nano.a(libc_a-nano-vfprintf_float.o)
                0x000030b0                _printf_float
 .text._printf_common
                0x00003508       0xe4 /opt/mcuxpresso-ide/ide/plugins/com.nxp.mcuxpresso.tools.linux_25.6.0.202501151204/tools/bin/../lib/gcc/arm-none-eabi/14.2.1/../../../../arm-none-eabi/lib/thumb/v7-m/nofp/libc_nano.a(libc_a-nano-vfprintf_i.o)
                0x00003508                _printf_common
 .text._printf_i
                0x000035ec      0x240 /opt/mcuxpresso-ide/ide/plugins/com.nxp.mcuxpresso.tools.linux_25.6.0.202501151204/tools/bin/../lib/gcc/arm-none-eabi/14.2.1/../../../../arm-none-eabi/lib/thumb/v7-m/nofp/libc_nano.a(libc_a-nano-vfprintf_i.o)
                0x000035ec                _printf_i
 .text.std      0x0000382c       0x6c /opt/mcuxpresso-ide/ide/plugins/com.nxp.mcuxpresso.tools.linux_25.6.0.202501151204/tools/bin/../lib/gcc/arm-none-eabi/14.2.1/../../../../arm-none-eabi/lib/thumb/v7-m/nofp/libc_nano.a(libc_a-findfp.o)
 .text.stdio_exit_handler
                0x00003898       0x18 /opt/mcuxpresso-ide/ide/plugins/com.nxp.mcuxpresso.tools.linux_25.6.0.202501151204/tools/bin/../lib/gcc/arm-none-eabi/14.2.1/../../../../arm-none-eabi/lib/thumb/v7-m/nofp/libc_nano.a(libc_a-findfp.o)
 .text.cleanup_stdio
                0x000038b0       0x40 /opt/mcuxpresso-ide/ide/plugins/com.nxp.mcuxpresso.tools.linux_25.6.0.202501151204/tools/bin/../lib/gcc/arm-none-eabi/14.2.1/../../../../arm-none-eabi/lib/thumb/v7-m/nofp/libc_nano.a(libc_a-findfp.o)
 .text.global_stdio_init.part.0
                0x000038f0       0x40 /opt/mcuxpresso-ide/ide/plugins/com.nxp.mcuxpresso.tools.linux_25.6.0.202501151204/tools/bin/../lib/gcc/arm-none-eabi/14.2.1/../../../../arm-none-eabi/lib/thumb/v7-m/nofp/libc_nano.a(libc_a-findfp.o)
 .text.__sfp_lock_acquire
                0x00003930        0xc /opt/mcuxpresso-ide/ide/plugins/com.nxp.mcuxpresso.tools.linux_25.6.0.202501151204/tools/bin/../lib/gcc/arm-none-eabi/14.2.1/../../../../arm-none-eabi/lib/thumb/v7-m/nofp/libc_nano.a(libc_a-findfp.o)
                0x00003930                __sfp_lock_acquire
 .text.__sfp_lock_release
                0x0000393c        0xc /opt/mcuxpresso-ide/ide/plugins/com.nxp.mcuxpresso.tools.linux_25.6.0.202501151204/tools/bin/../lib/gcc/arm-none-eabi/14.2.1/../../../../arm-none-eabi/lib/thumb/v7-m/nofp/libc_nano.a(libc_a-findfp.o)
                0x0000393c                __sfp_lock_release
 .text.__sinit  0x00003948       0x30 /opt/mcuxpresso-ide/ide/plugins/com.nxp.mcuxpresso.tools.linux_25.6.0.202501151204/tools/bin/../lib/gcc/arm-none-eabi/14.2.1/../../../../arm-none-eabi/lib/thumb/v7-m/nofp/libc_nano.a(libc_a-findfp.o)
                0x00003948                __sinit
 .text._fwalk_sglue
                0x00003978       0x3c /opt/mcuxpresso-ide/ide/plugins/com.nxp.mcuxpresso.tools.linux_25.6.0.202501151204/tools/bin/../lib/gcc/arm-none-eabi/14.2.1/../../../../arm-none-eabi/lib/thumb/v7-m/nofp/libc_nano.a(libc_a-fwalk.o)
                0x00003978                _fwalk_sglue
 .text.__sread  0x000039b4       0x22 /opt/mcuxpresso-ide/ide/plugins/com.nxp.mcuxpresso.tools.linux_25.6.0.202501151204/tools/bin/../lib/gcc/arm-none-eabi/14.2.1/../../../../arm-none-eabi/lib/thumb/v7-m/nofp/libc_nano.a(libc_a-stdio.o)
                0x000039b4                __sread
 .text.__swrite
                0x000039d6       0x38 /opt/mcuxpresso-ide/ide/plugins/com.nxp.mcuxpresso.tools.linux_25.6.0.202501151204/tools/bin/../lib/gcc/arm-none-eabi/14.2.1/../../../../arm-none-eabi/lib/thumb/v7-m/nofp/libc_nano.a(libc_a-stdio.o)
                0x000039d6                __swrite
 .text.__sseek  0x00003a0e       0x26 /opt/mcuxpresso-ide/ide/plugins/com.nxp.mcuxpresso.tools.linux_25.6.0.202501151204/tools/bin/../lib/gcc/arm-none-eabi/14.2.1/../../../../arm-none-eabi/lib/thumb/v7-m/nofp/libc_nano.a(libc_a-stdio.o)
                0x00003a0e                __sseek
 .text.__sclose
                0x00003a34        0x8 /opt/mcuxpresso-ide/ide/plugins/com.nxp.mcuxpresso.tools.linux_25.6.0.202501151204/tools/bin/../lib/gcc/arm-none-eabi/14.2.1/../../../../arm-none-eabi/lib/thumb/v7-m/nofp/libc_nano.a(libc_a-stdio.o)
                0x00003a34                __sclose
 .text.memset   0x00003a3c       0x10 /opt/mcuxpresso-ide/ide/plugins/com.nxp.mcuxpresso.tools.linux_25.6.0.202501151204/tools/bin/../lib/gcc/arm-none-eabi/14.2.1/../../../../arm-none-eabi/lib/thumb/v7-m/nofp/libc_nano.a(libc_a-memset.o)
                0x00003a3c                memset
 .text._localeconv_r
                0x00003a4c        0x8 /opt/mcuxpresso-ide/ide/plugins/com.nxp.mcuxpresso.tools.linux_25.6.0.202501151204/tools/bin/../lib/gcc/arm-none-eabi/14.2.1/../../../../arm-none-eabi/lib/thumb/v7-m/nofp/libc_nano.a(libc_a-localeconv.o)
                0x00003a4c                _localeconv_r
 .text._close_r
                0x00003a54       0x20 /opt/mcuxpresso-ide/ide/plugins/com.nxp.mcuxpresso.tools.linux_25.6.0.202501151204/tools/bin/../lib/gcc/arm-none-eabi/14.2.1/../../../../arm-none-eabi/lib/thumb/v7-m/nofp/libc_nano.a(libc_a-closer.o)
                0x00003a54                _close_r
 .text._reclaim_reent
                0x00003a74       0xbc /opt/mcuxpresso-ide/ide/plugins/com.nxp.mcuxpresso.tools.linux_25.6.0.202501151204/tools/bin/../lib/gcc/arm-none-eabi/14.2.1/../../../../arm-none-eabi/lib/thumb/v7-m/nofp/libc_nano.a(libc_a-reent.o)
                0x00003a74                _reclaim_reent
 .text._lseek_r
                0x00003b30       0x24 /opt/mcuxpresso-ide/ide/plugins/com.nxp.mcuxpresso.tools.linux_25.6.0.202501151204/tools/bin/../lib/gcc/arm-none-eabi/14.2.1/../../../../arm-none-eabi/lib/thumb/v7-m/nofp/libc_nano.a(libc_a-lseekr.o)
                0x00003b30                _lseek_r
 .text._read_r  0x00003b54       0x24 /opt/mcuxpresso-ide/ide/plugins/com.nxp.mcuxpresso.tools.linux_25.6.0.202501151204/tools/bin/../lib/gcc/arm-none-eabi/14.2.1/../../../../arm-none-eabi/lib/thumb/v7-m/nofp/libc_nano.a(libc_a-readr.o)
                0x00003b54                _read_r
 .text._write_r
                0x00003b78       0x24 /opt/mcuxpresso-ide/ide/plugins/com.nxp.mcuxpresso.tools.linux_25.6.0.202501151204/tools/bin/../lib/gcc/arm-none-eabi/14.2.1/../../../../arm-none-eabi/lib/thumb/v7-m/nofp/libc_nano.a(libc_a-writer.o)
                0x00003b78                _write_r
 .text.__retarget_lock_init_recursive
                0x00003b9c        0x2 /opt/mcuxpresso-ide/ide/plugins/com.nxp.mcuxpresso.tools.linux_25.6.0.202501151204/tools/bin/../lib/gcc/arm-none-eabi/14.2.1/../../../../arm-none-eabi/lib/thumb/v7-m/nofp/libc_nano.a(libc_a-lock.o)
                0x00003b9c                __retarget_lock_init_recursive
 .text.__retarget_lock_acquire_recursive
                0x00003b9e        0x2 /opt/mcuxpresso-ide/ide/plugins/com.nxp.mcuxpresso.tools.linux_25.6.0.202501151204/tools/bin/../lib/gcc/arm-none-eabi/14.2.1/../../../../arm-none-eabi/lib/thumb/v7-m/nofp/libc_nano.a(libc_a-lock.o)
                0x00003b9e                __retarget_lock_acquire_recursive
 .text.__retarget_lock_release_recursive
                0x00003ba0        0x2 /opt/mcuxpresso-ide/ide/plugins/com.nxp.mcuxpresso.tools.linux_25.6.0.202501151204/tools/bin/../lib/gcc/arm-none-eabi/14.2.1/../../../../arm-none-eabi/lib/thumb/v7-m/nofp/libc_nano.a(libc_a-lock.o)
                0x00003ba0                __retarget_lock_release_recursive
 .text.memchr   0x00003ba2       0x1c /opt/mcuxpresso-ide/ide/plugins/com.nxp.mcuxpresso.tools.linux_25.6.0.202501151204/tools/bin/../lib/gcc/arm-none-eabi/14.2.1/../../../../arm-none-eabi/lib/thumb/v7-m/nofp/libc_nano.a(libc_a-memchr-stub.o)
                0x00003ba2                memchr
 .text.memcpy   0x00003bbe       0x1c /opt/mcuxpresso-ide/ide/plugins/com.nxp.mcuxpresso.tools.linux_25.6.0.202501151204/tools/bin/../lib/gcc/arm-none-eabi/14.2.1/../../../../arm-none-eabi/lib/thumb/v7-m/nofp/libc_nano.a(libc_a-memcpy-stub.o)
                0x00003bbe                memcpy
 .text          0x00003bda       0x10 /opt/mcuxpresso-ide/ide/plugins/com.nxp.mcuxpresso.tools.linux_25.6.0.202501151204/tools/bin/../lib/gcc/arm-none-eabi/14.2.1/../../../../arm-none-eabi/lib/thumb/v7-m/nofp/libc_nano.a(libc_a-strlen.o)
                0x00003bda                strlen
 .text.quorem   0x00003bea      0x110 /opt/mcuxpresso-ide/ide/plugins/com.nxp.mcuxpresso.tools.linux_25.6.0.202501151204/tools/bin/../lib/gcc/arm-none-eabi/14.2.1/../../../../arm-none-eabi/lib/thumb/v7-m/nofp/libc_nano.a(libc_a-dtoa.o)
 *fill*         0x00003cfa        0x6 ff
 .text._dtoa_r  0x00003d00      0xbcc /opt/mcuxpresso-ide/ide/plugins/com.nxp.mcuxpresso.tools.linux_25.6.0.202501151204/tools/bin/../lib/gcc/arm-none-eabi/14.2.1/../../../../arm-none-eabi/lib/thumb/v7-m/nofp/libc_nano.a(libc_a-dtoa.o)
                0x00003d00                _dtoa_r
 .text._free_r  0x000048cc       0x90 /opt/mcuxpresso-ide/ide/plugins/com.nxp.mcuxpresso.tools.linux_25.6.0.202501151204/tools/bin/../lib/gcc/arm-none-eabi/14.2.1/../../../../arm-none-eabi/lib/thumb/v7-m/nofp/libc_nano.a(libc_a-freer.o)
                0x000048cc                _free_r
 .text.malloc   0x0000495c       0x10 /opt/mcuxpresso-ide/ide/plugins/com.nxp.mcuxpresso.tools.linux_25.6.0.202501151204/tools/bin/../lib/gcc/arm-none-eabi/14.2.1/../../../../arm-none-eabi/lib/thumb/v7-m/nofp/libc_nano.a(libc_a-malloc.o)
                0x0000495c                malloc
 .text.sbrk_aligned
                0x0000496c       0x44 /opt/mcuxpresso-ide/ide/plugins/com.nxp.mcuxpresso.tools.linux_25.6.0.202501151204/tools/bin/../lib/gcc/arm-none-eabi/14.2.1/../../../../arm-none-eabi/lib/thumb/v7-m/nofp/libc_nano.a(libc_a-mallocr.o)
 .text._malloc_r
                0x000049b0      0x100 /opt/mcuxpresso-ide/ide/plugins/com.nxp.mcuxpresso.tools.linux_25.6.0.202501151204/tools/bin/../lib/gcc/arm-none-eabi/14.2.1/../../../../arm-none-eabi/lib/thumb/v7-m/nofp/libc_nano.a(libc_a-mallocr.o)
                0x000049b0                _malloc_r
 .text.__malloc_lock
                0x00004ab0        0xc /opt/mcuxpresso-ide/ide/plugins/com.nxp.mcuxpresso.tools.linux_25.6.0.202501151204/tools/bin/../lib/gcc/arm-none-eabi/14.2.1/../../../../arm-none-eabi/lib/thumb/v7-m/nofp/libc_nano.a(libc_a-mlock.o)
                0x00004ab0                __malloc_lock
 .text.__malloc_unlock
                0x00004abc        0xc /opt/mcuxpresso-ide/ide/plugins/com.nxp.mcuxpresso.tools.linux_25.6.0.202501151204/tools/bin/../lib/gcc/arm-none-eabi/14.2.1/../../../../arm-none-eabi/lib/thumb/v7-m/nofp/libc_nano.a(libc_a-mlock.o)
                0x00004abc                __malloc_unlock
 .text._Balloc  0x00004ac8       0x7c /opt/mcuxpresso-ide/ide/plugins/com.nxp.mcuxpresso.tools.linux_25.6.0.202501151204/tools/bin/../lib/gcc/arm-none-eabi/14.2.1/../../../../arm-none-eabi/lib/thumb/v7-m/nofp/libc_nano.a(libc_a-mprec.o)
                0x00004ac8                _Balloc
 .text._Bfree   0x00004b44       0x44 /opt/mcuxpresso-ide/ide/plugins/com.nxp.mcuxpresso.tools.linux_25.6.0.202501151204/tools/bin/../lib/gcc/arm-none-eabi/14.2.1/../../../../arm-none-eabi/lib/thumb/v7-m/nofp/libc_nano.a(libc_a-mprec.o)
                0x00004b44                _Bfree
 .text.__multadd
                0x00004b88       0x8c /opt/mcuxpresso-ide/ide/plugins/com.nxp.mcuxpresso.tools.linux_25.6.0.202501151204/tools/bin/../lib/gcc/arm-none-eabi/14.2.1/../../../../arm-none-eabi/lib/thumb/v7-m/nofp/libc_nano.a(libc_a-mprec.o)
                0x00004b88                __multadd
 .text.__hi0bits
                0x00004c14       0x3e /opt/mcuxpresso-ide/ide/plugins/com.nxp.mcuxpresso.tools.linux_25.6.0.202501151204/tools/bin/../lib/gcc/arm-none-eabi/14.2.1/../../../../arm-none-eabi/lib/thumb/v7-m/nofp/libc_nano.a(libc_a-mprec.o)
                0x00004c14                __hi0bits
 .text.__lo0bits
                0x00004c52       0x5a /opt/mcuxpresso-ide/ide/plugins/com.nxp.mcuxpresso.tools.linux_25.6.0.202501151204/tools/bin/../lib/gcc/arm-none-eabi/14.2.1/../../../../arm-none-eabi/lib/thumb/v7-m/nofp/libc_nano.a(libc_a-mprec.o)
                0x00004c52                __lo0bits
 .text.__i2b    0x00004cac       0x2c /opt/mcuxpresso-ide/ide/plugins/com.nxp.mcuxpresso.tools.linux_25.6.0.202501151204/tools/bin/../lib/gcc/arm-none-eabi/14.2.1/../../../../arm-none-eabi/lib/thumb/v7-m/nofp/libc_nano.a(libc_a-mprec.o)
                0x00004cac                __i2b
 .text.__multiply
                0x00004cd8      0x150 /opt/mcuxpresso-ide/ide/plugins/com.nxp.mcuxpresso.tools.linux_25.6.0.202501151204/tools/bin/../lib/gcc/arm-none-eabi/14.2.1/../../../../arm-none-eabi/lib/thumb/v7-m/nofp/libc_nano.a(libc_a-mprec.o)
                0x00004cd8                __multiply
 .text.__pow5mult
                0x00004e28       0xb8 /opt/mcuxpresso-ide/ide/plugins/com.nxp.mcuxpresso.tools.linux_25.6.0.202501151204/tools/bin/../lib/gcc/arm-none-eabi/14.2.1/../../../../arm-none-eabi/lib/thumb/v7-m/nofp/libc_nano.a(libc_a-mprec.o)
                0x00004e28                __pow5mult
 .text.__lshift
                0x00004ee0       0xd8 /opt/mcuxpresso-ide/ide/plugins/com.nxp.mcuxpresso.tools.linux_25.6.0.202501151204/tools/bin/../lib/gcc/arm-none-eabi/14.2.1/../../../../arm-none-eabi/lib/thumb/v7-m/nofp/libc_nano.a(libc_a-mprec.o)
                0x00004ee0                __lshift
 .text.__mcmp   0x00004fb8       0x36 /opt/mcuxpresso-ide/ide/plugins/com.nxp.mcuxpresso.tools.linux_25.6.0.202501151204/tools/bin/../lib/gcc/arm-none-eabi/14.2.1/../../../../arm-none-eabi/lib/thumb/v7-m/nofp/libc_nano.a(libc_a-mprec.o)
                0x00004fb8                __mcmp
 *fill*         0x00004fee        0x2 ff
 .text.__mdiff  0x00004ff0      0x130 /opt/mcuxpresso-ide/ide/plugins/com.nxp.mcuxpresso.tools.linux_25.6.0.202501151204/tools/bin/../lib/gcc/arm-none-eabi/14.2.1/../../../../arm-none-eabi/lib/thumb/v7-m/nofp/libc_nano.a(libc_a-mprec.o)
                0x00004ff0                __mdiff
 .text.__d2b    0x00005120       0xb0 /opt/mcuxpresso-ide/ide/plugins/com.nxp.mcuxpresso.tools.linux_25.6.0.202501151204/tools/bin/../lib/gcc/arm-none-eabi/14.2.1/../../../../arm-none-eabi/lib/thumb/v7-m/nofp/libc_nano.a(libc_a-mprec.o)
                0x00005120                __d2b
 .text.__sflush_r
                0x000051d0       0xfc /opt/mcuxpresso-ide/ide/plugins/com.nxp.mcuxpresso.tools.linux_25.6.0.202501151204/tools/bin/../lib/gcc/arm-none-eabi/14.2.1/../../../../arm-none-eabi/lib/thumb/v7-m/nofp/libc_nano.a(libc_a-fflush.o)
                0x000051d0                __sflush_r
 .text._fflush_r
                0x000052cc       0x50 /opt/mcuxpresso-ide/ide/plugins/com.nxp.mcuxpresso.tools.linux_25.6.0.202501151204/tools/bin/../lib/gcc/arm-none-eabi/14.2.1/../../../../arm-none-eabi/lib/thumb/v7-m/nofp/libc_nano.a(libc_a-fflush.o)
                0x000052cc                _fflush_r
 .text._sbrk_r  0x0000531c       0x20 /opt/mcuxpresso-ide/ide/plugins/com.nxp.mcuxpresso.tools.linux_25.6.0.202501151204/tools/bin/../lib/gcc/arm-none-eabi/14.2.1/../../../../arm-none-eabi/lib/thumb/v7-m/nofp/libc_nano.a(libc_a-sbrkr.o)
                0x0000531c                _sbrk_r
 .text.__assert_func
                0x0000533c       0x3c /opt/mcuxpresso-ide/ide/plugins/com.nxp.mcuxpresso.tools.linux_25.6.0.202501151204/tools/bin/../lib/gcc/arm-none-eabi/14.2.1/../../../../arm-none-eabi/lib/thumb/v7-m/nofp/libc_nano.a(libc_a-assert.o)
                0x0000533c                __assert_func
 .text._calloc_r
                0x00005378       0x28 /opt/mcuxpresso-ide/ide/plugins/com.nxp.mcuxpresso.tools.linux_25.6.0.202501151204/tools/bin/../lib/gcc/arm-none-eabi/14.2.1/../../../../arm-none-eabi/lib/thumb/v7-m/nofp/libc_nano.a(libc_a-callocr.o)
                0x00005378                _calloc_r
 .text.__ascii_mbtowc
                0x000053a0       0x24 /opt/mcuxpresso-ide/ide/plugins/com.nxp.mcuxpresso.tools.linux_25.6.0.202501151204/tools/bin/../lib/gcc/arm-none-eabi/14.2.1/../../../../arm-none-eabi/lib/thumb/v7-m/nofp/libc_nano.a(libc_a-mbtowc_r.o)
                0x000053a0                __ascii_mbtowc
 .text.__ascii_wctomb
                0x000053c4       0x1a /opt/mcuxpresso-ide/ide/plugins/com.nxp.mcuxpresso.tools.linux_25.6.0.202501151204/tools/bin/../lib/gcc/arm-none-eabi/14.2.1/../../../../arm-none-eabi/lib/thumb/v7-m/nofp/libc_nano.a(libc_a-wctomb_r.o)
                0x000053c4                __ascii_wctomb
 *fill*         0x000053de        0x2 ff
 .text.fprintf  0x000053e0       0x24 /opt/mcuxpresso-ide/ide/plugins/com.nxp.mcuxpresso.tools.linux_25.6.0.202501151204/tools/bin/../lib/gcc/arm-none-eabi/14.2.1/../../../../arm-none-eabi/lib/thumb/v7-m/nofp/libc_nano.a(libc_a-fprintf.o)
                0x000053e0                fprintf
                0x000053e0                fiprintf
 .text.abort    0x00005404        0xe /opt/mcuxpresso-ide/ide/plugins/com.nxp.mcuxpresso.tools.linux_25.6.0.202501151204/tools/bin/../lib/gcc/arm-none-eabi/14.2.1/../../../../arm-none-eabi/lib/thumb/v7-m/nofp/libc_nano.a(libc_a-abort.o)
                0x00005404                abort
 .text.__sfputc_r
                0x00005412       0x2a /opt/mcuxpresso-ide/ide/plugins/com.nxp.mcuxpresso.tools.linux_25.6.0.202501151204/tools/bin/../lib/gcc/arm-none-eabi/14.2.1/../../../../arm-none-eabi/lib/thumb/v7-m/nofp/libc_nano.a(libc_a-nano-vfprintf.o)
 .text.__sfputs_r
                0x0000543c       0x24 /opt/mcuxpresso-ide/ide/plugins/com.nxp.mcuxpresso.tools.linux_25.6.0.202501151204/tools/bin/../lib/gcc/arm-none-eabi/14.2.1/../../../../arm-none-eabi/lib/thumb/v7-m/nofp/libc_nano.a(libc_a-nano-vfprintf.o)
                0x0000543c                __sfputs_r
 .text._vfprintf_r
                0x00005460      0x230 /opt/mcuxpresso-ide/ide/plugins/com.nxp.mcuxpresso.tools.linux_25.6.0.202501151204/tools/bin/../lib/gcc/arm-none-eabi/14.2.1/../../../../arm-none-eabi/lib/thumb/v7-m/nofp/libc_nano.a(libc_a-nano-vfprintf.o)
                0x00005460                _vfiprintf_r
                0x00005460                _vfprintf_r
 .text.__swbuf_r
                0x00005690       0x7c /opt/mcuxpresso-ide/ide/plugins/com.nxp.mcuxpresso.tools.linux_25.6.0.202501151204/tools/bin/../lib/gcc/arm-none-eabi/14.2.1/../../../../arm-none-eabi/lib/thumb/v7-m/nofp/libc_nano.a(libc_a-wbuf.o)
                0x00005690                __swbuf_r
 .text.__swsetup_r
                0x0000570c       0xa8 /opt/mcuxpresso-ide/ide/plugins/com.nxp.mcuxpresso.tools.linux_25.6.0.202501151204/tools/bin/../lib/gcc/arm-none-eabi/14.2.1/../../../../arm-none-eabi/lib/thumb/v7-m/nofp/libc_nano.a(libc_a-wsetup.o)
                0x0000570c                __swsetup_r
 .text._raise_r
                0x000057b4       0x50 /opt/mcuxpresso-ide/ide/plugins/com.nxp.mcuxpresso.tools.linux_25.6.0.202501151204/tools/bin/../lib/gcc/arm-none-eabi/14.2.1/../../../../arm-none-eabi/lib/thumb/v7-m/nofp/libc_nano.a(libc_a-signal.o)
                0x000057b4                _raise_r
 .text.raise    0x00005804       0x10 /opt/mcuxpresso-ide/ide/plugins/com.nxp.mcuxpresso.tools.linux_25.6.0.202501151204/tools/bin/../lib/gcc/arm-none-eabi/14.2.1/../../../../arm-none-eabi/lib/thumb/v7-m/nofp/libc_nano.a(libc_a-signal.o)
                0x00005804                raise
 .text._kill_r  0x00005814       0x24 /opt/mcuxpresso-ide/ide/plugins/com.nxp.mcuxpresso.tools.linux_25.6.0.202501151204/tools/bin/../lib/gcc/arm-none-eabi/14.2.1/../../../../arm-none-eabi/lib/thumb/v7-m/nofp/libc_nano.a(libc_a-signalr.o)
                0x00005814                _kill_r
 .text._getpid_r
                0x00005838        0x4 /opt/mcuxpresso-ide/ide/plugins/com.nxp.mcuxpresso.tools.linux_25.6.0.202501151204/tools/bin/../lib/gcc/arm-none-eabi/14.2.1/../../../../arm-none-eabi/lib/thumb/v7-m/nofp/libc_nano.a(libc_a-signalr.o)
                0x00005838                _getpid_r
 .text.__swhatbuf_r
                0x0000583c       0x48 /opt/mcuxpresso-ide/ide/plugins/com.nxp.mcuxpresso.tools.linux_25.6.0.202501151204/tools/bin/../lib/gcc/arm-none-eabi/14.2.1/../../../../arm-none-eabi/lib/thumb/v7-m/nofp/libc_nano.a(libc_a-makebuf.o)
                0x0000583c                __swhatbuf_r
 .text.__smakebuf_r
                0x00005884       0x72 /opt/mcuxpresso-ide/ide/plugins/com.nxp.mcuxpresso.tools.linux_25.6.0.202501151204/tools/bin/../lib/gcc/arm-none-eabi/14.2.1/../../../../arm-none-eabi/lib/thumb/v7-m/nofp/libc_nano.a(libc_a-makebuf.o)
                0x00005884                __smakebuf_r
 *fill*         0x000058f6        0x2 ff
 .text._fstat_r
                0x000058f8       0x24 /opt/mcuxpresso-ide/ide/plugins/com.nxp.mcuxpresso.tools.linux_25.6.0.202501151204/tools/bin/../lib/gcc/arm-none-eabi/14.2.1/../../../../arm-none-eabi/lib/thumb/v7-m/nofp/libc_nano.a(libc_a-fstatr.o)
                0x000058f8                _fstat_r
 .text._isatty_r
                0x0000591c       0x20 /opt/mcuxpresso-ide/ide/plugins/com.nxp.mcuxpresso.tools.linux_25.6.0.202501151204/tools/bin/../lib/gcc/arm-none-eabi/14.2.1/../../../../arm-none-eabi/lib/thumb/v7-m/nofp/libc_nano.a(libc_a-isattyr.o)
                0x0000591c                _isatty_r
 .text._sbrk    0x0000593c       0x3c /opt/mcuxpresso-ide/ide/plugins/com.nxp.mcuxpresso.tools.linux_25.6.0.202501151204/tools/bin/../lib/gcc/arm-none-eabi/14.2.1/../../../../arm-none-eabi/lib/thumb/v7-m/nofp/libcr_newlib_nohost.a(_cr_sbrk.o)
                0x0000593c                _sbrk
 .text._exit    0x00005978        0x2 /opt/mcuxpresso-ide/ide/plugins/com.nxp.mcuxpresso.tools.linux_25.6.0.202501151204/tools/bin/../lib/gcc/arm-none-eabi/14.2.1/../../../../arm-none-eabi/lib/thumb/v7-m/nofp/libcr_newlib_nohost.a(_exit.o)
                0x00005978                _exit
 *fill*         0x0000597a        0x2 ff
 .text._close   0x0000597c       0x10 /opt/mcuxpresso-ide/ide/plugins/com.nxp.mcuxpresso.tools.linux_25.6.0.202501151204/tools/bin/../lib/gcc/arm-none-eabi/14.2.1/../../../../arm-none-eabi/lib/thumb/v7-m/nofp/libcr_newlib_nohost.a(close.o)
                0x0000597c                _close
 .text._fstat   0x0000598c       0x10 /opt/mcuxpresso-ide/ide/plugins/com.nxp.mcuxpresso.tools.linux_25.6.0.202501151204/tools/bin/../lib/gcc/arm-none-eabi/14.2.1/../../../../arm-none-eabi/lib/thumb/v7-m/nofp/libcr_newlib_nohost.a(fstat.o)
                0x0000598c                _fstat
 .text._getpid  0x0000599c       0x10 /opt/mcuxpresso-ide/ide/plugins/com.nxp.mcuxpresso.tools.linux_25.6.0.202501151204/tools/bin/../lib/gcc/arm-none-eabi/14.2.1/../../../../arm-none-eabi/lib/thumb/v7-m/nofp/libcr_newlib_nohost.a(getpid.o)
                0x0000599c                _getpid
 .text._isatty  0x000059ac       0x10 /opt/mcuxpresso-ide/ide/plugins/com.nxp.mcuxpresso.tools.linux_25.6.0.202501151204/tools/bin/../lib/gcc/arm-none-eabi/14.2.1/../../../../arm-none-eabi/lib/thumb/v7-m/nofp/libcr_newlib_nohost.a(isatty.o)
                0x000059ac                _isatty
 .text._kill    0x000059bc       0x10 /opt/mcuxpresso-ide/ide/plugins/com.nxp.mcuxpresso.tools.linux_25.6.0.202501151204/tools/bin/../lib/gcc/arm-none-eabi/14.2.1/../../../../arm-none-eabi/lib/thumb/v7-m/nofp/libcr_newlib_nohost.a(kill.o)
                0x000059bc                _kill
 .text._lseek   0x000059cc       0x10 /opt/mcuxpresso-ide/ide/plugins/com.nxp.mcuxpresso.tools.linux_25.6.0.202501151204/tools/bin/../lib/gcc/arm-none-eabi/14.2.1/../../../../arm-none-eabi/lib/thumb/v7-m/nofp/libcr_newlib_nohost.a(lseek.o)
                0x000059cc                _lseek
 .text._read    0x000059dc       0x10 /opt/mcuxpresso-ide/ide/plugins/com.nxp.mcuxpresso.tools.linux_25.6.0.202501151204/tools/bin/../lib/gcc/arm-none-eabi/14.2.1/../../../../arm-none-eabi/lib/thumb/v7-m/nofp/libcr_newlib_nohost.a(read.o)
                0x000059dc                _read
 .text._write   0x000059ec       0x10 /opt/mcuxpresso-ide/ide/plugins/com.nxp.mcuxpresso.tools.linux_25.6.0.202501151204/tools/bin/../lib/gcc/arm-none-eabi/14.2.1/../../../../arm-none-eabi/lib/thumb/v7-m/nofp/libcr_newlib_nohost.a(write.o)
                0x000059ec                _write
 .text.__check_heap_overflow
                0x000059fc       0x18 /opt/mcuxpresso-ide/ide/plugins/com.nxp.mcuxpresso.tools.linux_25.6.0.202501151204/tools/bin/../lib/gcc/arm-none-eabi/14.2.1/../../../../arm-none-eabi/lib/thumb/v7-m/nofp/libcr_newlib_nohost.a(_cr_check_heap.o)
                0x000059fc                __check_heap_overflow
 .text          0x00005a14      0x378 /opt/mcuxpresso-ide/ide/plugins/com.nxp.mcuxpresso.tools.linux_25.6.0.202501151204/tools/bin/../lib/gcc/arm-none-eabi/14.2.1/thumb/v7-m/nofp/libgcc.a(_arm_addsubdf3.o)
                0x00005a14                __aeabi_drsub
                0x00005a1c                __aeabi_dsub
                0x00005a1c                __subdf3
                0x00005a20                __adddf3
                0x00005a20                __aeabi_dadd
                0x00005c98                __aeabi_ui2d
                0x00005c98                __floatunsidf
                0x00005cb8                __floatsidf
                0x00005cb8                __aeabi_i2d
                0x00005cdc                __extendsfdf2
                0x00005cdc                __aeabi_f2d
                0x00005d20                __aeabi_ul2d
                0x00005d20                __floatundidf
                0x00005d30                __floatdidf
                0x00005d30                __aeabi_l2d
 .text          0x00005d8c      0x424 /opt/mcuxpresso-ide/ide/plugins/com.nxp.mcuxpresso.tools.linux_25.6.0.202501151204/tools/bin/../lib/gcc/arm-none-eabi/14.2.1/thumb/v7-m/nofp/libgcc.a(_arm_muldivdf3.o)
                0x00005d8c                __aeabi_dmul
                0x00005d8c                __muldf3
                0x00005fe0                __aeabi_ddiv
                0x00005fe0                __divdf3
 .text          0x000061b0      0x110 /opt/mcuxpresso-ide/ide/plugins/com.nxp.mcuxpresso.tools.linux_25.6.0.202501151204/tools/bin/../lib/gcc/arm-none-eabi/14.2.1/thumb/v7-m/nofp/libgcc.a(_arm_cmpdf2.o)
                0x000061b0                __gtdf2
                0x000061b0                __gedf2
                0x000061b8                __ltdf2
                0x000061b8                __ledf2
                0x000061c0                __cmpdf2
                0x000061c0                __eqdf2
                0x000061c0                __nedf2
                0x0000623c                __aeabi_cdrcmple
                0x0000624c                __aeabi_cdcmple
                0x0000624c                __aeabi_cdcmpeq
                0x0000625c                __aeabi_dcmpeq
                0x00006270                __aeabi_dcmplt
                0x00006284                __aeabi_dcmple
                0x00006298                __aeabi_dcmpge
                0x000062ac                __aeabi_dcmpgt
 .text          0x000062c0       0x2c /opt/mcuxpresso-ide/ide/plugins/com.nxp.mcuxpresso.tools.linux_25.6.0.202501151204/tools/bin/../lib/gcc/arm-none-eabi/14.2.1/thumb/v7-m/nofp/libgcc.a(_arm_unorddf2.o)
                0x000062c0                __aeabi_dcmpun
                0x000062c0                __unorddf2
 .text          0x000062ec       0x50 /opt/mcuxpresso-ide/ide/plugins/com.nxp.mcuxpresso.tools.linux_25.6.0.202501151204/tools/bin/../lib/gcc/arm-none-eabi/14.2.1/thumb/v7-m/nofp/libgcc.a(_arm_fixdfsi.o)
                0x000062ec                __fixdfsi
                0x000062ec                __aeabi_d2iz
 .text.__errno  0x0000633c        0xc /opt/mcuxpresso-ide/ide/plugins/com.nxp.mcuxpresso.tools.linux_25.6.0.202501151204/tools/bin/../lib/gcc/arm-none-eabi/14.2.1/../../../../arm-none-eabi/lib/thumb/v7-m/nofp/libc_nano.a(libc_a-errno.o)
                0x0000633c                __errno
 */tasks.o(.rodata*)
 .rodata.uxTopUsedPriority
                0x00006348        0x4 ./rtos/src/tasks.o
 .rodata.prvInitialiseNewTask.str1.4
                0x0000634c        0x8 ./rtos/src/tasks.o
 .rodata.prvCreateIdleTasks.str1.4
                0x0000634c        0x5 ./rtos/src/tasks.o
 .rodata.vTaskListTasks.str1.4
                0x0000634c        0xf ./rtos/src/tasks.o
 .rodata.vTaskGetRunTimeStatistics.str1.4
                0x0000634c       0x18 ./rtos/src/tasks.o
 *(.rodata .rodata.* .constdata .constdata.*)
 .rodata.main.str1.4
                0x0000634c      0x175 ./src/main.o
                                 0x61 (size before relaxing)
 .rodata.print.str1.4
                0x000064c1        0x7 ./src/retarget_printf.o
 .rodata.vApplicationStackOverflowHook.str1.4
                0x000064c1       0x2e ./src/rtos-hooks.o
 .rodata.vApplicationMallocFailedHook.str1.4
                0x000064c1       0x23 ./src/rtos-hooks.o
 .rodata.vAssertCalled.str1.4
                0x000064c1       0x3e ./src/rtos-hooks.o
 .rodata.App.str1.4
                0x000064c1        0x4 ./src/task_app.o
 .rodata.pvPortMalloc.str1.4
                0x000064c1        0x9 ./rtos/src/portable/MemMang/heap_4.o
 .rodata.prvTaskExitError.str1.4
                0x000064c1        0x7 ./rtos/src/portable/GCC/ARM_CM3/port.o
 .rodata.xQueueGenericReset.str1.4
                0x000064c1        0x8 ./rtos/src/queue.o
 .rodata.xTimerCreateTimerTask.str1.4
                0x000064c1       0x11 ./rtos/src/timers.o
 .rodata.prvCheckForValidListAndQueue.str1.4
                0x000064c1        0x5 ./rtos/src/timers.o
 .rodata._printf_float.str1.1
                0x000064c1      0x173 /opt/mcuxpresso-ide/ide/plugins/com.nxp.mcuxpresso.tools.linux_25.6.0.202501151204/tools/bin/../lib/gcc/arm-none-eabi/14.2.1/../../../../arm-none-eabi/lib/thumb/v7-m/nofp/libc_nano.a(libc_a-nano-vfprintf_float.o)
                                 0x12 (size before relaxing)
 .rodata._printf_i.str1.1
                0x00006634       0x22 /opt/mcuxpresso-ide/ide/plugins/com.nxp.mcuxpresso.tools.linux_25.6.0.202501151204/tools/bin/../lib/gcc/arm-none-eabi/14.2.1/../../../../arm-none-eabi/lib/thumb/v7-m/nofp/libc_nano.a(libc_a-nano-vfprintf_i.o)
 .rodata._dtoa_r.str1.1
                0x00006634       0x90 /opt/mcuxpresso-ide/ide/plugins/com.nxp.mcuxpresso.tools.linux_25.6.0.202501151204/tools/bin/../lib/gcc/arm-none-eabi/14.2.1/../../../../arm-none-eabi/lib/thumb/v7-m/nofp/libc_nano.a(libc_a-dtoa.o)
 .rodata._Balloc.str1.1
                0x00006634       0x71 /opt/mcuxpresso-ide/ide/plugins/com.nxp.mcuxpresso.tools.linux_25.6.0.202501151204/tools/bin/../lib/gcc/arm-none-eabi/14.2.1/../../../../arm-none-eabi/lib/thumb/v7-m/nofp/libc_nano.a(libc_a-mprec.o)
 .rodata.__multadd.str1.1
                0x00006634       0x11 /opt/mcuxpresso-ide/ide/plugins/com.nxp.mcuxpresso.tools.linux_25.6.0.202501151204/tools/bin/../lib/gcc/arm-none-eabi/14.2.1/../../../../arm-none-eabi/lib/thumb/v7-m/nofp/libc_nano.a(libc_a-mprec.o)
 .rodata.p05.0  0x00006634        0xc /opt/mcuxpresso-ide/ide/plugins/com.nxp.mcuxpresso.tools.linux_25.6.0.202501151204/tools/bin/../lib/gcc/arm-none-eabi/14.2.1/../../../../arm-none-eabi/lib/thumb/v7-m/nofp/libc_nano.a(libc_a-mprec.o)
 .rodata.__mprec_bigtens
                0x00006640       0x28 /opt/mcuxpresso-ide/ide/plugins/com.nxp.mcuxpresso.tools.linux_25.6.0.202501151204/tools/bin/../lib/gcc/arm-none-eabi/14.2.1/../../../../arm-none-eabi/lib/thumb/v7-m/nofp/libc_nano.a(libc_a-mprec.o)
                0x00006640                __mprec_bigtens
 .rodata.__mprec_tens
                0x00006668       0xc8 /opt/mcuxpresso-ide/ide/plugins/com.nxp.mcuxpresso.tools.linux_25.6.0.202501151204/tools/bin/../lib/gcc/arm-none-eabi/14.2.1/../../../../arm-none-eabi/lib/thumb/v7-m/nofp/libc_nano.a(libc_a-mprec.o)
                0x00006668                __mprec_tens
 .rodata._setlocale_r.str1.1
                0x00006730        0x9 /opt/mcuxpresso-ide/ide/plugins/com.nxp.mcuxpresso.tools.linux_25.6.0.202501151204/tools/bin/../lib/gcc/arm-none-eabi/14.2.1/../../../../arm-none-eabi/lib/thumb/v7-m/nofp/libc_nano.a(libc_a-locale.o)
 .rodata.str1.1
                0x00006730        0x2 /opt/mcuxpresso-ide/ide/plugins/com.nxp.mcuxpresso.tools.linux_25.6.0.202501151204/tools/bin/../lib/gcc/arm-none-eabi/14.2.1/../../../../arm-none-eabi/lib/thumb/v7-m/nofp/libc_nano.a(libc_a-locale.o)
 .rodata.__assert_func.str1.1
                0x00006730       0x3d /opt/mcuxpresso-ide/ide/plugins/com.nxp.mcuxpresso.tools.linux_25.6.0.202501151204/tools/bin/../lib/gcc/arm-none-eabi/14.2.1/../../../../arm-none-eabi/lib/thumb/v7-m/nofp/libc_nano.a(libc_a-assert.o)
 .rodata._ctype_
                0x00006730      0x101 /opt/mcuxpresso-ide/ide/plugins/com.nxp.mcuxpresso.tools.linux_25.6.0.202501151204/tools/bin/../lib/gcc/arm-none-eabi/14.2.1/../../../../arm-none-eabi/lib/thumb/v7-m/nofp/libc_nano.a(libc_a-ctype_.o)
                0x00006730                _ctype_
 .rodata._vfprintf_r.str1.1
                0x00006831       0x11 /opt/mcuxpresso-ide/ide/plugins/com.nxp.mcuxpresso.tools.linux_25.6.0.202501151204/tools/bin/../lib/gcc/arm-none-eabi/14.2.1/../../../../arm-none-eabi/lib/thumb/v7-m/nofp/libc_nano.a(libc_a-nano-vfprintf.o)
                0x00006844                        . = ALIGN (0x4)
 *fill*         0x00006831        0x3 ff

.glue_7         0x00006834        0x0
 .glue_7        0x00006834        0x0 linker stubs

.glue_7t        0x00006834        0x0
 .glue_7t       0x00006834        0x0 linker stubs

.vfp11_veneer   0x00006834        0x0
 .vfp11_veneer  0x00006834        0x0 linker stubs

.v4_bx          0x00006834        0x0
 .v4_bx         0x00006834        0x0 linker stubs

.iplt           0x00006834        0x0
 .iplt          0x00006834        0x0 ./src/cr_startup_lpc175x_6x-FreeRTOS.o

.ARM.extab
 *(.ARM.extab* .gnu.linkonce.armextab.*)

.ARM.exidx      0x00006834        0x8
                0x00006834                        __exidx_start = .
 *(.ARM.exidx* .gnu.linkonce.armexidx.*)
 .ARM.exidx     0x00006834        0x8 /opt/mcuxpresso-ide/ide/plugins/com.nxp.mcuxpresso.tools.linux_25.6.0.202501151204/tools/bin/../lib/gcc/arm-none-eabi/14.2.1/../../../../arm-none-eabi/lib/thumb/v7-m/nofp/libc_nano.a(libc_a-strlen.o)
                0x0000683c                        __exidx_end = .
                0x0000683c                        _etext = .

.rel.dyn        0x0000683c        0x0
 .rel.iplt      0x0000683c        0x0 ./src/cr_startup_lpc175x_6x-FreeRTOS.o

.data_RAM2      0x2007c000        0x0 load address 0x0000683c
 FILL mask 0xff
                [!provide]                        PROVIDE (__start_data_RAM2 = .)
                [!provide]                        PROVIDE (__start_data_RamAHB32 = .)
 *(.ramfunc.$RAM2)
 *(.ramfunc.$RamAHB32)
 *(.data.$RAM2)
 *(.data.$RamAHB32)
 *(.data.$RAM2.*)
 *(.data.$RamAHB32.*)
                0x2007c000                        . = ALIGN (0x4)
                [!provide]                        PROVIDE (__end_data_RAM2 = .)
                [!provide]                        PROVIDE (__end_data_RamAHB32 = .)

.uninit_RESERVED
                0x10000000        0x0
                0x10000000                        _start_uninit_RESERVED = .
 *(.bss.$RESERVED*)
                0x10000000                        . = ALIGN (0x4)
                0x10000000                        _end_uninit_RESERVED = .

.data           0x10000000      0x1d0 load address 0x0000683c
 FILL mask 0xff
                0x10000000                        _data = .
                [!provide]                        PROVIDE (__start_data_RAM = .)
                [!provide]                        PROVIDE (__start_data_RamLoc32 = .)
 *(vtable)
 *(.ramfunc*)
 *(CodeQuickAccess)
 *(DataQuickAccess)
 *(RamFunction)
 *(.data*)
 .data.uxCriticalNesting
                0x10000000        0x4 ./rtos/src/portable/GCC/ARM_CM3/port.o
 .data.SystemCoreClock
                0x10000004        0x4 /home/guack/ISEL/6º semestre/SEIoT/CMSIS_CORE_LPC17xx/Debug/libCMSIS_CORE_LPC17xx.a(system_LPC17xx.o)
                0x10000004                SystemCoreClock
 .data.__sglue  0x10000008        0xc /opt/mcuxpresso-ide/ide/plugins/com.nxp.mcuxpresso.tools.linux_25.6.0.202501151204/tools/bin/../lib/gcc/arm-none-eabi/14.2.1/../../../../arm-none-eabi/lib/thumb/v7-m/nofp/libc_nano.a(libc_a-findfp.o)
                0x10000008                __sglue
 .data._impure_ptr
                0x10000014        0x4 /opt/mcuxpresso-ide/ide/plugins/com.nxp.mcuxpresso.tools.linux_25.6.0.202501151204/tools/bin/../lib/gcc/arm-none-eabi/14.2.1/../../../../arm-none-eabi/lib/thumb/v7-m/nofp/libc_nano.a(libc_a-impure.o)
                0x10000014                _impure_ptr
 .data._impure_data
                0x10000018       0x4c /opt/mcuxpresso-ide/ide/plugins/com.nxp.mcuxpresso.tools.linux_25.6.0.202501151204/tools/bin/../lib/gcc/arm-none-eabi/14.2.1/../../../../arm-none-eabi/lib/thumb/v7-m/nofp/libc_nano.a(libc_a-impure.o)
                0x10000018                _impure_data
 .data.__global_locale
                0x10000064      0x16c /opt/mcuxpresso-ide/ide/plugins/com.nxp.mcuxpresso.tools.linux_25.6.0.202501151204/tools/bin/../lib/gcc/arm-none-eabi/14.2.1/../../../../arm-none-eabi/lib/thumb/v7-m/nofp/libc_nano.a(libc_a-locale.o)
                0x10000064                __global_locale
                0x100001d0                        . = ALIGN (0x4)
                0x100001d0                        _edata = .
                [!provide]                        PROVIDE (__end_data_RAM = .)
                [!provide]                        PROVIDE (__end_data_RamLoc32 = .)

.igot.plt       0x100001d0        0x0 load address 0x00006a0c
 .igot.plt      0x100001d0        0x0 ./src/cr_startup_lpc175x_6x-FreeRTOS.o

.bss_RAM2       0x2007c000        0x0
                [!provide]                        PROVIDE (__start_bss_RAM2 = .)
                [!provide]                        PROVIDE (__start_bss_RamAHB32 = .)
 *(.bss.$RAM2)
 *(.bss.$RamAHB32)
 *(.bss.$RAM2.*)
 *(.bss.$RamAHB32.*)
                0x2007c000                        . = ALIGN ((. != 0x0)?0x4:0x1)
                [!provide]                        PROVIDE (__end_bss_RAM2 = .)
                [!provide]                        PROVIDE (__end_bss_RamAHB32 = .)

.bss            0x100001d0     0x52f8
                0x100001d0                        _bss = .
                [!provide]                        PROVIDE (__start_bss_RAM = .)
                [!provide]                        PROVIDE (__start_bss_RamLoc32 = .)
 *(.bss*)
 .bss.ucHeap    0x100001d0     0x5000 ./rtos/src/portable/MemMang/heap_4.o
 .bss.xStart    0x100051d0        0x8 ./rtos/src/portable/MemMang/heap_4.o
 .bss.pxEnd     0x100051d8        0x4 ./rtos/src/portable/MemMang/heap_4.o
 .bss.xFreeBytesRemaining
                0x100051dc        0x4 ./rtos/src/portable/MemMang/heap_4.o
 .bss.xMinimumEverFreeBytesRemaining
                0x100051e0        0x4 ./rtos/src/portable/MemMang/heap_4.o
 .bss.xNumberOfSuccessfulAllocations
                0x100051e4        0x4 ./rtos/src/portable/MemMang/heap_4.o
 .bss.xNumberOfSuccessfulFrees
                0x100051e8        0x4 ./rtos/src/portable/MemMang/heap_4.o
 .bss.ucMaxSysCallPriority
                0x100051ec        0x1 ./rtos/src/portable/GCC/ARM_CM3/port.o
 *fill*         0x100051ed        0x3 
 .bss.ulMaxPRIGROUPValue
                0x100051f0        0x4 ./rtos/src/portable/GCC/ARM_CM3/port.o
 .bss.xQueueRegistry
                0x100051f4       0x38 ./rtos/src/queue.o
                0x100051f4                xQueueRegistry
 .bss.pxCurrentTCB
                0x1000522c        0x4 ./rtos/src/tasks.o
                0x1000522c                pxCurrentTCB
 .bss.pxReadyTasksLists
                0x10005230       0x64 ./rtos/src/tasks.o
 .bss.xDelayedTaskList1
                0x10005294       0x14 ./rtos/src/tasks.o
 .bss.xDelayedTaskList2
                0x100052a8       0x14 ./rtos/src/tasks.o
 .bss.pxDelayedTaskList
                0x100052bc        0x4 ./rtos/src/tasks.o
 .bss.pxOverflowDelayedTaskList
                0x100052c0        0x4 ./rtos/src/tasks.o
 .bss.xPendingReadyList
                0x100052c4       0x14 ./rtos/src/tasks.o
 .bss.xTasksWaitingTermination
                0x100052d8       0x14 ./rtos/src/tasks.o
 .bss.uxDeletedTasksWaitingCleanUp
                0x100052ec        0x4 ./rtos/src/tasks.o
 .bss.xSuspendedTaskList
                0x100052f0       0x14 ./rtos/src/tasks.o
 .bss.uxCurrentNumberOfTasks
                0x10005304        0x4 ./rtos/src/tasks.o
 .bss.xTickCount
                0x10005308        0x4 ./rtos/src/tasks.o
 .bss.uxTopReadyPriority
                0x1000530c        0x4 ./rtos/src/tasks.o
 .bss.xSchedulerRunning
                0x10005310        0x4 ./rtos/src/tasks.o
 .bss.xPendedTicks
                0x10005314        0x4 ./rtos/src/tasks.o
 .bss.xYieldPendings
                0x10005318        0x4 ./rtos/src/tasks.o
 .bss.xNumOfOverflows
                0x1000531c        0x4 ./rtos/src/tasks.o
 .bss.uxTaskNumber
                0x10005320        0x4 ./rtos/src/tasks.o
 .bss.xNextTaskUnblockTime
                0x10005324        0x4 ./rtos/src/tasks.o
 .bss.xIdleTaskHandles
                0x10005328        0x4 ./rtos/src/tasks.o
 .bss.uxSchedulerSuspended
                0x1000532c        0x4 ./rtos/src/tasks.o
 .bss.ulTaskSwitchedInTime
                0x10005330        0x4 ./rtos/src/tasks.o
 .bss.ulTotalRunTime
                0x10005334        0x4 ./rtos/src/tasks.o
 .bss.xActiveTimerList1
                0x10005338       0x14 ./rtos/src/timers.o
 .bss.xActiveTimerList2
                0x1000534c       0x14 ./rtos/src/timers.o
 .bss.pxCurrentTimerList
                0x10005360        0x4 ./rtos/src/timers.o
 .bss.pxOverflowTimerList
                0x10005364        0x4 ./rtos/src/timers.o
 .bss.xTimerQueue
                0x10005368        0x4 ./rtos/src/timers.o
 .bss.xTimerTaskHandle
                0x1000536c        0x4 ./rtos/src/timers.o
 .bss.xLastTime.0
                0x10005370        0x4 ./rtos/src/timers.o
 .bss.pinHandler
                0x10005374        0x4 /home/guack/ISEL/6º semestre/SEIoT/DRIVERS/Release/libDRIVERS.a(pin.o)
 .bss.__sf      0x10005378      0x138 /opt/mcuxpresso-ide/ide/plugins/com.nxp.mcuxpresso.tools.linux_25.6.0.202501151204/tools/bin/../lib/gcc/arm-none-eabi/14.2.1/../../../../arm-none-eabi/lib/thumb/v7-m/nofp/libc_nano.a(libc_a-findfp.o)
                0x10005378                __sf
 .bss.__stdio_exit_handler
                0x100054b0        0x4 /opt/mcuxpresso-ide/ide/plugins/com.nxp.mcuxpresso.tools.linux_25.6.0.202501151204/tools/bin/../lib/gcc/arm-none-eabi/14.2.1/../../../../arm-none-eabi/lib/thumb/v7-m/nofp/libc_nano.a(libc_a-findfp.o)
                0x100054b0                __stdio_exit_handler
 .bss.errno     0x100054b4        0x4 /opt/mcuxpresso-ide/ide/plugins/com.nxp.mcuxpresso.tools.linux_25.6.0.202501151204/tools/bin/../lib/gcc/arm-none-eabi/14.2.1/../../../../arm-none-eabi/lib/thumb/v7-m/nofp/libc_nano.a(libc_a-reent.o)
                0x100054b4                errno
 .bss.__lock___malloc_recursive_mutex
                0x100054b8        0x1 /opt/mcuxpresso-ide/ide/plugins/com.nxp.mcuxpresso.tools.linux_25.6.0.202501151204/tools/bin/../lib/gcc/arm-none-eabi/14.2.1/../../../../arm-none-eabi/lib/thumb/v7-m/nofp/libc_nano.a(libc_a-lock.o)
                0x100054b8                __lock___malloc_recursive_mutex
 .bss.__lock___sfp_recursive_mutex
                0x100054b9        0x1 /opt/mcuxpresso-ide/ide/plugins/com.nxp.mcuxpresso.tools.linux_25.6.0.202501151204/tools/bin/../lib/gcc/arm-none-eabi/14.2.1/../../../../arm-none-eabi/lib/thumb/v7-m/nofp/libc_nano.a(libc_a-lock.o)
                0x100054b9                __lock___sfp_recursive_mutex
 *fill*         0x100054ba        0x2 
 .bss.__malloc_sbrk_start
                0x100054bc        0x4 /opt/mcuxpresso-ide/ide/plugins/com.nxp.mcuxpresso.tools.linux_25.6.0.202501151204/tools/bin/../lib/gcc/arm-none-eabi/14.2.1/../../../../arm-none-eabi/lib/thumb/v7-m/nofp/libc_nano.a(libc_a-mallocr.o)
                0x100054bc                __malloc_sbrk_start
 .bss.__malloc_free_list
                0x100054c0        0x4 /opt/mcuxpresso-ide/ide/plugins/com.nxp.mcuxpresso.tools.linux_25.6.0.202501151204/tools/bin/../lib/gcc/arm-none-eabi/14.2.1/../../../../arm-none-eabi/lib/thumb/v7-m/nofp/libc_nano.a(libc_a-mallocr.o)
                0x100054c0                __malloc_free_list
 .bss.__end_of_heap
                0x100054c4        0x4 /opt/mcuxpresso-ide/ide/plugins/com.nxp.mcuxpresso.tools.linux_25.6.0.202501151204/tools/bin/../lib/gcc/arm-none-eabi/14.2.1/../../../../arm-none-eabi/lib/thumb/v7-m/nofp/libcr_newlib_nohost.a(_cr_sbrk.o)
                0x100054c4                __end_of_heap
 *(COMMON)
                0x100054c8                        . = ALIGN (0x4)
                0x100054c8                        _ebss = .
                [!provide]                        PROVIDE (__end_bss_RAM = .)
                [!provide]                        PROVIDE (__end_bss_RamLoc32 = .)
                [!provide]                        PROVIDE (end = .)

.noinit_RAM2    0x2007c000        0x0
                [!provide]                        PROVIDE (__start_noinit_RAM2 = .)
                [!provide]                        PROVIDE (__start_noinit_RamAHB32 = .)
 *(.noinit.$RAM2)
 *(.noinit.$RamAHB32)
 *(.noinit.$RAM2.*)
 *(.noinit.$RamAHB32.*)
                0x2007c000                        . = ALIGN (0x4)
                [!provide]                        PROVIDE (__end_noinit_RAM2 = .)
                [!provide]                        PROVIDE (__end_noinit_RamAHB32 = .)

.noinit         0x100054c8        0x0
                0x100054c8                        _noinit = .
                [!provide]                        PROVIDE (__start_noinit_RAM = .)
                [!provide]                        PROVIDE (__start_noinit_RamLoc32 = .)
 *(.noinit*)
                0x100054c8                        . = ALIGN (0x4)
                0x100054c8                        _end_noinit = .
                [!provide]                        PROVIDE (__end_noinit_RAM = .)
                [!provide]                        PROVIDE (__end_noinit_RamLoc32 = .)
                0x100054c8                        PROVIDE (_pvHeapStart = DEFINED (__user_heap_base)?__user_heap_base:.)
                0x10008000                        PROVIDE (_vStackTop = DEFINED (__user_stack_top)?__user_stack_top:(__top_RamLoc32 - 0x0))
                0xefff749e                        PROVIDE (__valid_user_code_checksum = (0x0 - ((((((_vStackTop + (ResetISR + 0x1)) + (NMI_Handler + 0x1)) + (HardFault_Handler + 0x1)) + (DEFINED (MemManage_Handler)?MemManage_Handler:0x0 + 0x1)) + (DEFINED (BusFault_Handler)?BusFault_Handler:0x0 + 0x1)) + (DEFINED (UsageFault_Handler)?UsageFault_Handler:0x0 + 0x1))))
                0x00000000                        _image_start = LOADADDR (.text)
                0x00006a0c                        _image_end = (LOADADDR (.data) + SIZEOF (.data))
                0x00006a0c                        _image_size = (_image_end - _image_start)
OUTPUT(FreeRTOS-Env.axf elf32-littlearm)
LOAD linker stubs

.debug_info     0x00000000     0x7b0e
 .debug_info    0x00000000      0x2cb ./src/cr_startup_lpc175x_6x-FreeRTOS.o
 .debug_info    0x000002cb       0x40 ./src/crp.o
 .debug_info    0x0000030b      0x10c ./src/main.o
 .debug_info    0x00000417      0x408 ./src/retarget_printf.o
 .debug_info    0x0000081f      0x1e2 ./src/rtos-hooks.o
 .debug_info    0x00000a01      0x438 ./src/rtos-stat.o
 .debug_info    0x00000e39      0x1f0 ./src/task_app.o
 .debug_info    0x00001029      0x50a ./rtos/src/portable/MemMang/heap_4.o
 .debug_info    0x00001533      0x44f ./rtos/src/portable/GCC/ARM_CM3/port.o
 .debug_info    0x00001982      0x2cc ./rtos/src/list.o
 .debug_info    0x00001c4e     0x146a ./rtos/src/queue.o
 .debug_info    0x000030b8     0x2ea9 ./rtos/src/tasks.o
 .debug_info    0x00005f61      0xdf3 ./rtos/src/timers.o
 .debug_info    0x00006d54      0x353 /home/guack/ISEL/6º semestre/SEIoT/CMSIS_CORE_LPC17xx/Debug/libCMSIS_CORE_LPC17xx.a(system_LPC17xx.o)
 .debug_info    0x000070a7      0x13e /opt/mcuxpresso-ide/ide/plugins/com.nxp.mcuxpresso.tools.linux_25.6.0.202501151204/tools/bin/../lib/gcc/arm-none-eabi/14.2.1/../../../../arm-none-eabi/lib/thumb/v7-m/nofp/libcr_newlib_nohost.a(_cr_sbrk.o)
 .debug_info    0x000071e5       0xa3 /opt/mcuxpresso-ide/ide/plugins/com.nxp.mcuxpresso.tools.linux_25.6.0.202501151204/tools/bin/../lib/gcc/arm-none-eabi/14.2.1/../../../../arm-none-eabi/lib/thumb/v7-m/nofp/libcr_newlib_nohost.a(_exit.o)
 .debug_info    0x00007288       0xb1 /opt/mcuxpresso-ide/ide/plugins/com.nxp.mcuxpresso.tools.linux_25.6.0.202501151204/tools/bin/../lib/gcc/arm-none-eabi/14.2.1/../../../../arm-none-eabi/lib/thumb/v7-m/nofp/libcr_newlib_nohost.a(close.o)
 .debug_info    0x00007339      0x2cc /opt/mcuxpresso-ide/ide/plugins/com.nxp.mcuxpresso.tools.linux_25.6.0.202501151204/tools/bin/../lib/gcc/arm-none-eabi/14.2.1/../../../../arm-none-eabi/lib/thumb/v7-m/nofp/libcr_newlib_nohost.a(fstat.o)
 .debug_info    0x00007605       0x9c /opt/mcuxpresso-ide/ide/plugins/com.nxp.mcuxpresso.tools.linux_25.6.0.202501151204/tools/bin/../lib/gcc/arm-none-eabi/14.2.1/../../../../arm-none-eabi/lib/thumb/v7-m/nofp/libcr_newlib_nohost.a(getpid.o)
 .debug_info    0x000076a1       0xb1 /opt/mcuxpresso-ide/ide/plugins/com.nxp.mcuxpresso.tools.linux_25.6.0.202501151204/tools/bin/../lib/gcc/arm-none-eabi/14.2.1/../../../../arm-none-eabi/lib/thumb/v7-m/nofp/libcr_newlib_nohost.a(isatty.o)
 .debug_info    0x00007752       0xbf /opt/mcuxpresso-ide/ide/plugins/com.nxp.mcuxpresso.tools.linux_25.6.0.202501151204/tools/bin/../lib/gcc/arm-none-eabi/14.2.1/../../../../arm-none-eabi/lib/thumb/v7-m/nofp/libcr_newlib_nohost.a(kill.o)
 .debug_info    0x00007811       0xd3 /opt/mcuxpresso-ide/ide/plugins/com.nxp.mcuxpresso.tools.linux_25.6.0.202501151204/tools/bin/../lib/gcc/arm-none-eabi/14.2.1/../../../../arm-none-eabi/lib/thumb/v7-m/nofp/libcr_newlib_nohost.a(lseek.o)
 .debug_info    0x000078e4       0xd9 /opt/mcuxpresso-ide/ide/plugins/com.nxp.mcuxpresso.tools.linux_25.6.0.202501151204/tools/bin/../lib/gcc/arm-none-eabi/14.2.1/../../../../arm-none-eabi/lib/thumb/v7-m/nofp/libcr_newlib_nohost.a(read.o)
 .debug_info    0x000079bd       0xd9 /opt/mcuxpresso-ide/ide/plugins/com.nxp.mcuxpresso.tools.linux_25.6.0.202501151204/tools/bin/../lib/gcc/arm-none-eabi/14.2.1/../../../../arm-none-eabi/lib/thumb/v7-m/nofp/libcr_newlib_nohost.a(write.o)
 .debug_info    0x00007a96       0x78 /opt/mcuxpresso-ide/ide/plugins/com.nxp.mcuxpresso.tools.linux_25.6.0.202501151204/tools/bin/../lib/gcc/arm-none-eabi/14.2.1/../../../../arm-none-eabi/lib/thumb/v7-m/nofp/libcr_newlib_nohost.a(_cr_check_heap.o)

.debug_abbrev   0x00000000     0x1da7
 .debug_abbrev  0x00000000      0x180 ./src/cr_startup_lpc175x_6x-FreeRTOS.o
 .debug_abbrev  0x00000180       0x38 ./src/crp.o
 .debug_abbrev  0x000001b8       0xcd ./src/main.o
 .debug_abbrev  0x00000285      0x157 ./src/retarget_printf.o
 .debug_abbrev  0x000003dc      0x10e ./src/rtos-hooks.o
 .debug_abbrev  0x000004ea      0x127 ./src/rtos-stat.o
 .debug_abbrev  0x00000611      0x123 ./src/task_app.o
 .debug_abbrev  0x00000734      0x21b ./rtos/src/portable/MemMang/heap_4.o
 .debug_abbrev  0x0000094f      0x269 ./rtos/src/portable/GCC/ARM_CM3/port.o
 .debug_abbrev  0x00000bb8       0xeb ./rtos/src/list.o
 .debug_abbrev  0x00000ca3      0x306 ./rtos/src/queue.o
 .debug_abbrev  0x00000fa9      0x417 ./rtos/src/tasks.o
 .debug_abbrev  0x000013c0      0x2b8 ./rtos/src/timers.o
 .debug_abbrev  0x00001678      0x10e /home/guack/ISEL/6º semestre/SEIoT/CMSIS_CORE_LPC17xx/Debug/libCMSIS_CORE_LPC17xx.a(system_LPC17xx.o)
 .debug_abbrev  0x00001786      0x10a /opt/mcuxpresso-ide/ide/plugins/com.nxp.mcuxpresso.tools.linux_25.6.0.202501151204/tools/bin/../lib/gcc/arm-none-eabi/14.2.1/../../../../arm-none-eabi/lib/thumb/v7-m/nofp/libcr_newlib_nohost.a(_cr_sbrk.o)
 .debug_abbrev  0x00001890       0x67 /opt/mcuxpresso-ide/ide/plugins/com.nxp.mcuxpresso.tools.linux_25.6.0.202501151204/tools/bin/../lib/gcc/arm-none-eabi/14.2.1/../../../../arm-none-eabi/lib/thumb/v7-m/nofp/libcr_newlib_nohost.a(_exit.o)
 .debug_abbrev  0x000018f7       0x6d /opt/mcuxpresso-ide/ide/plugins/com.nxp.mcuxpresso.tools.linux_25.6.0.202501151204/tools/bin/../lib/gcc/arm-none-eabi/14.2.1/../../../../arm-none-eabi/lib/thumb/v7-m/nofp/libcr_newlib_nohost.a(close.o)
 .debug_abbrev  0x00001964       0xcc /opt/mcuxpresso-ide/ide/plugins/com.nxp.mcuxpresso.tools.linux_25.6.0.202501151204/tools/bin/../lib/gcc/arm-none-eabi/14.2.1/../../../../arm-none-eabi/lib/thumb/v7-m/nofp/libcr_newlib_nohost.a(fstat.o)
 .debug_abbrev  0x00001a30       0x59 /opt/mcuxpresso-ide/ide/plugins/com.nxp.mcuxpresso.tools.linux_25.6.0.202501151204/tools/bin/../lib/gcc/arm-none-eabi/14.2.1/../../../../arm-none-eabi/lib/thumb/v7-m/nofp/libcr_newlib_nohost.a(getpid.o)
 .debug_abbrev  0x00001a89       0x6d /opt/mcuxpresso-ide/ide/plugins/com.nxp.mcuxpresso.tools.linux_25.6.0.202501151204/tools/bin/../lib/gcc/arm-none-eabi/14.2.1/../../../../arm-none-eabi/lib/thumb/v7-m/nofp/libcr_newlib_nohost.a(isatty.o)
 .debug_abbrev  0x00001af6       0x7e /opt/mcuxpresso-ide/ide/plugins/com.nxp.mcuxpresso.tools.linux_25.6.0.202501151204/tools/bin/../lib/gcc/arm-none-eabi/14.2.1/../../../../arm-none-eabi/lib/thumb/v7-m/nofp/libcr_newlib_nohost.a(kill.o)
 .debug_abbrev  0x00001b74       0x92 /opt/mcuxpresso-ide/ide/plugins/com.nxp.mcuxpresso.tools.linux_25.6.0.202501151204/tools/bin/../lib/gcc/arm-none-eabi/14.2.1/../../../../arm-none-eabi/lib/thumb/v7-m/nofp/libcr_newlib_nohost.a(lseek.o)
 .debug_abbrev  0x00001c06       0x9b /opt/mcuxpresso-ide/ide/plugins/com.nxp.mcuxpresso.tools.linux_25.6.0.202501151204/tools/bin/../lib/gcc/arm-none-eabi/14.2.1/../../../../arm-none-eabi/lib/thumb/v7-m/nofp/libcr_newlib_nohost.a(read.o)
 .debug_abbrev  0x00001ca1       0x9b /opt/mcuxpresso-ide/ide/plugins/com.nxp.mcuxpresso.tools.linux_25.6.0.202501151204/tools/bin/../lib/gcc/arm-none-eabi/14.2.1/../../../../arm-none-eabi/lib/thumb/v7-m/nofp/libcr_newlib_nohost.a(write.o)
 .debug_abbrev  0x00001d3c       0x6b /opt/mcuxpresso-ide/ide/plugins/com.nxp.mcuxpresso.tools.linux_25.6.0.202501151204/tools/bin/../lib/gcc/arm-none-eabi/14.2.1/../../../../arm-none-eabi/lib/thumb/v7-m/nofp/libcr_newlib_nohost.a(_cr_check_heap.o)

.debug_aranges  0x00000000      0x8c0
 .debug_aranges
                0x00000000       0x80 ./src/cr_startup_lpc175x_6x-FreeRTOS.o
 .debug_aranges
                0x00000080       0x18 ./src/crp.o
 .debug_aranges
                0x00000098       0x20 ./src/main.o
 .debug_aranges
                0x000000b8       0x58 ./src/retarget_printf.o
 .debug_aranges
                0x00000110       0x30 ./src/rtos-hooks.o
 .debug_aranges
                0x00000140       0x28 ./src/rtos-stat.o
 .debug_aranges
                0x00000168       0x30 ./src/task_app.o
 .debug_aranges
                0x00000198       0x68 ./rtos/src/portable/MemMang/heap_4.o
 .debug_aranges
                0x00000200       0x78 ./rtos/src/portable/GCC/ARM_CM3/port.o
 .debug_aranges
                0x00000278       0x40 ./rtos/src/list.o
 .debug_aranges
                0x000002b8      0x130 ./rtos/src/queue.o
 .debug_aranges
                0x000003e8      0x258 ./rtos/src/tasks.o
 .debug_aranges
                0x00000640       0xf8 ./rtos/src/timers.o
 .debug_aranges
                0x00000738       0x28 /home/guack/ISEL/6º semestre/SEIoT/CMSIS_CORE_LPC17xx/Debug/libCMSIS_CORE_LPC17xx.a(system_LPC17xx.o)
 .debug_aranges
                0x00000760       0x20 /opt/mcuxpresso-ide/ide/plugins/com.nxp.mcuxpresso.tools.linux_25.6.0.202501151204/tools/bin/../lib/gcc/arm-none-eabi/14.2.1/../../../../arm-none-eabi/lib/thumb/v7-m/nofp/libcr_newlib_nohost.a(_cr_sbrk.o)
 .debug_aranges
                0x00000780       0x20 /opt/mcuxpresso-ide/ide/plugins/com.nxp.mcuxpresso.tools.linux_25.6.0.202501151204/tools/bin/../lib/gcc/arm-none-eabi/14.2.1/../../../../arm-none-eabi/lib/thumb/v7-m/nofp/libcr_newlib_nohost.a(_exit.o)
 .debug_aranges
                0x000007a0       0x20 /opt/mcuxpresso-ide/ide/plugins/com.nxp.mcuxpresso.tools.linux_25.6.0.202501151204/tools/bin/../lib/gcc/arm-none-eabi/14.2.1/../../../../arm-none-eabi/lib/thumb/v7-m/nofp/libcr_newlib_nohost.a(close.o)
 .debug_aranges
                0x000007c0       0x20 /opt/mcuxpresso-ide/ide/plugins/com.nxp.mcuxpresso.tools.linux_25.6.0.202501151204/tools/bin/../lib/gcc/arm-none-eabi/14.2.1/../../../../arm-none-eabi/lib/thumb/v7-m/nofp/libcr_newlib_nohost.a(fstat.o)
 .debug_aranges
                0x000007e0       0x20 /opt/mcuxpresso-ide/ide/plugins/com.nxp.mcuxpresso.tools.linux_25.6.0.202501151204/tools/bin/../lib/gcc/arm-none-eabi/14.2.1/../../../../arm-none-eabi/lib/thumb/v7-m/nofp/libcr_newlib_nohost.a(getpid.o)
 .debug_aranges
                0x00000800       0x20 /opt/mcuxpresso-ide/ide/plugins/com.nxp.mcuxpresso.tools.linux_25.6.0.202501151204/tools/bin/../lib/gcc/arm-none-eabi/14.2.1/../../../../arm-none-eabi/lib/thumb/v7-m/nofp/libcr_newlib_nohost.a(isatty.o)
 .debug_aranges
                0x00000820       0x20 /opt/mcuxpresso-ide/ide/plugins/com.nxp.mcuxpresso.tools.linux_25.6.0.202501151204/tools/bin/../lib/gcc/arm-none-eabi/14.2.1/../../../../arm-none-eabi/lib/thumb/v7-m/nofp/libcr_newlib_nohost.a(kill.o)
 .debug_aranges
                0x00000840       0x20 /opt/mcuxpresso-ide/ide/plugins/com.nxp.mcuxpresso.tools.linux_25.6.0.202501151204/tools/bin/../lib/gcc/arm-none-eabi/14.2.1/../../../../arm-none-eabi/lib/thumb/v7-m/nofp/libcr_newlib_nohost.a(lseek.o)
 .debug_aranges
                0x00000860       0x20 /opt/mcuxpresso-ide/ide/plugins/com.nxp.mcuxpresso.tools.linux_25.6.0.202501151204/tools/bin/../lib/gcc/arm-none-eabi/14.2.1/../../../../arm-none-eabi/lib/thumb/v7-m/nofp/libcr_newlib_nohost.a(read.o)
 .debug_aranges
                0x00000880       0x20 /opt/mcuxpresso-ide/ide/plugins/com.nxp.mcuxpresso.tools.linux_25.6.0.202501151204/tools/bin/../lib/gcc/arm-none-eabi/14.2.1/../../../../arm-none-eabi/lib/thumb/v7-m/nofp/libcr_newlib_nohost.a(write.o)
 .debug_aranges
                0x000008a0       0x20 /opt/mcuxpresso-ide/ide/plugins/com.nxp.mcuxpresso.tools.linux_25.6.0.202501151204/tools/bin/../lib/gcc/arm-none-eabi/14.2.1/../../../../arm-none-eabi/lib/thumb/v7-m/nofp/libcr_newlib_nohost.a(_cr_check_heap.o)

.debug_ranges   0x00000000      0x748
 .debug_ranges  0x00000000       0x70 ./src/cr_startup_lpc175x_6x-FreeRTOS.o
 .debug_ranges  0x00000070       0x10 ./src/main.o
 .debug_ranges  0x00000080       0x48 ./src/retarget_printf.o
 .debug_ranges  0x000000c8       0x20 ./src/rtos-hooks.o
 .debug_ranges  0x000000e8       0x18 ./src/rtos-stat.o
 .debug_ranges  0x00000100       0x20 ./src/task_app.o
 .debug_ranges  0x00000120       0x58 ./rtos/src/portable/MemMang/heap_4.o
 .debug_ranges  0x00000178       0x68 ./rtos/src/portable/GCC/ARM_CM3/port.o
 .debug_ranges  0x000001e0       0x30 ./rtos/src/list.o
 .debug_ranges  0x00000210      0x120 ./rtos/src/queue.o
 .debug_ranges  0x00000330      0x268 ./rtos/src/tasks.o
 .debug_ranges  0x00000598       0xe8 ./rtos/src/timers.o
 .debug_ranges  0x00000680       0x18 /home/guack/ISEL/6º semestre/SEIoT/CMSIS_CORE_LPC17xx/Debug/libCMSIS_CORE_LPC17xx.a(system_LPC17xx.o)
 .debug_ranges  0x00000698       0x10 /opt/mcuxpresso-ide/ide/plugins/com.nxp.mcuxpresso.tools.linux_25.6.0.202501151204/tools/bin/../lib/gcc/arm-none-eabi/14.2.1/../../../../arm-none-eabi/lib/thumb/v7-m/nofp/libcr_newlib_nohost.a(_cr_sbrk.o)
 .debug_ranges  0x000006a8       0x10 /opt/mcuxpresso-ide/ide/plugins/com.nxp.mcuxpresso.tools.linux_25.6.0.202501151204/tools/bin/../lib/gcc/arm-none-eabi/14.2.1/../../../../arm-none-eabi/lib/thumb/v7-m/nofp/libcr_newlib_nohost.a(_exit.o)
 .debug_ranges  0x000006b8       0x10 /opt/mcuxpresso-ide/ide/plugins/com.nxp.mcuxpresso.tools.linux_25.6.0.202501151204/tools/bin/../lib/gcc/arm-none-eabi/14.2.1/../../../../arm-none-eabi/lib/thumb/v7-m/nofp/libcr_newlib_nohost.a(close.o)
 .debug_ranges  0x000006c8       0x10 /opt/mcuxpresso-ide/ide/plugins/com.nxp.mcuxpresso.tools.linux_25.6.0.202501151204/tools/bin/../lib/gcc/arm-none-eabi/14.2.1/../../../../arm-none-eabi/lib/thumb/v7-m/nofp/libcr_newlib_nohost.a(fstat.o)
 .debug_ranges  0x000006d8       0x10 /opt/mcuxpresso-ide/ide/plugins/com.nxp.mcuxpresso.tools.linux_25.6.0.202501151204/tools/bin/../lib/gcc/arm-none-eabi/14.2.1/../../../../arm-none-eabi/lib/thumb/v7-m/nofp/libcr_newlib_nohost.a(getpid.o)
 .debug_ranges  0x000006e8       0x10 /opt/mcuxpresso-ide/ide/plugins/com.nxp.mcuxpresso.tools.linux_25.6.0.202501151204/tools/bin/../lib/gcc/arm-none-eabi/14.2.1/../../../../arm-none-eabi/lib/thumb/v7-m/nofp/libcr_newlib_nohost.a(isatty.o)
 .debug_ranges  0x000006f8       0x10 /opt/mcuxpresso-ide/ide/plugins/com.nxp.mcuxpresso.tools.linux_25.6.0.202501151204/tools/bin/../lib/gcc/arm-none-eabi/14.2.1/../../../../arm-none-eabi/lib/thumb/v7-m/nofp/libcr_newlib_nohost.a(kill.o)
 .debug_ranges  0x00000708       0x10 /opt/mcuxpresso-ide/ide/plugins/com.nxp.mcuxpresso.tools.linux_25.6.0.202501151204/tools/bin/../lib/gcc/arm-none-eabi/14.2.1/../../../../arm-none-eabi/lib/thumb/v7-m/nofp/libcr_newlib_nohost.a(lseek.o)
 .debug_ranges  0x00000718       0x10 /opt/mcuxpresso-ide/ide/plugins/com.nxp.mcuxpresso.tools.linux_25.6.0.202501151204/tools/bin/../lib/gcc/arm-none-eabi/14.2.1/../../../../arm-none-eabi/lib/thumb/v7-m/nofp/libcr_newlib_nohost.a(read.o)
 .debug_ranges  0x00000728       0x10 /opt/mcuxpresso-ide/ide/plugins/com.nxp.mcuxpresso.tools.linux_25.6.0.202501151204/tools/bin/../lib/gcc/arm-none-eabi/14.2.1/../../../../arm-none-eabi/lib/thumb/v7-m/nofp/libcr_newlib_nohost.a(write.o)
 .debug_ranges  0x00000738       0x10 /opt/mcuxpresso-ide/ide/plugins/com.nxp.mcuxpresso.tools.linux_25.6.0.202501151204/tools/bin/../lib/gcc/arm-none-eabi/14.2.1/../../../../arm-none-eabi/lib/thumb/v7-m/nofp/libcr_newlib_nohost.a(_cr_check_heap.o)

.debug_macro    0x00000000     0x3c4c
 .debug_macro   0x00000000       0x1d ./src/cr_startup_lpc175x_6x-FreeRTOS.o
 .debug_macro   0x0000001d      0xae4 ./src/cr_startup_lpc175x_6x-FreeRTOS.o
 .debug_macro   0x00000b01       0x1a ./src/crp.o
 .debug_macro   0x00000b1b       0x34 ./src/crp.o
 .debug_macro   0x00000b4f      0x323 ./src/main.o
 .debug_macro   0x00000e72       0x82 ./src/main.o
 .debug_macro   0x00000ef4       0x16 ./src/main.o
 .debug_macro   0x00000f0a       0x9e ./src/main.o
 .debug_macro   0x00000fa8      0x112 ./src/main.o
 .debug_macro   0x000010ba       0x10 ./src/main.o
 .debug_macro   0x000010ca       0x16 ./src/main.o
 .debug_macro   0x000010e0       0x16 ./src/main.o
 .debug_macro   0x000010f6      0x146 ./src/main.o
 .debug_macro   0x0000123c       0x16 ./src/main.o
 .debug_macro   0x00001252       0x16 ./src/main.o
 .debug_macro   0x00001268       0x29 ./src/main.o
 .debug_macro   0x00001291       0x16 ./src/main.o
 .debug_macro   0x000012a7       0x10 ./src/main.o
 .debug_macro   0x000012b7       0x10 ./src/main.o
 .debug_macro   0x000012c7       0x10 ./src/main.o
 .debug_macro   0x000012d7       0x1c ./src/main.o
 .debug_macro   0x000012f3       0x52 ./src/main.o
 .debug_macro   0x00001345       0x22 ./src/main.o
 .debug_macro   0x00001367       0x10 ./src/main.o
 .debug_macro   0x00001377       0x52 ./src/main.o
 .debug_macro   0x000013c9       0xc1 ./src/main.o
 .debug_macro   0x0000148a       0x1c ./src/main.o
 .debug_macro   0x000014a6       0x3d ./src/main.o
 .debug_macro   0x000014e3       0x35 ./src/main.o
 .debug_macro   0x00001518      0x120 ./src/main.o
 .debug_macro   0x00001638       0x16 ./src/main.o
 .debug_macro   0x0000164e       0x45 ./src/retarget_printf.o
 .debug_macro   0x00001693       0x58 ./src/retarget_printf.o
 .debug_macro   0x000016eb      0x213 ./src/rtos-hooks.o
 .debug_macro   0x000018fe       0x5b ./src/rtos-hooks.o
 .debug_macro   0x00001959       0x94 ./src/rtos-hooks.o
 .debug_macro   0x000019ed       0x57 ./src/rtos-hooks.o
 .debug_macro   0x00001a44       0xb1 ./src/rtos-stat.o
 .debug_macro   0x00001af5      0x32c ./src/task_app.o
 .debug_macro   0x00001e21       0x16 ./src/task_app.o
 .debug_macro   0x00001e37       0x62 ./src/task_app.o
 .debug_macro   0x00001e99      0x294 ./rtos/src/portable/MemMang/heap_4.o
 .debug_macro   0x0000212d      0x11c ./rtos/src/portable/MemMang/heap_4.o
 .debug_macro   0x00002249       0x9b ./rtos/src/portable/MemMang/heap_4.o
 .debug_macro   0x000022e4      0x2ab ./rtos/src/portable/GCC/ARM_CM3/port.o
 .debug_macro   0x0000258f      0x204 ./rtos/src/list.o
 .debug_macro   0x00002793      0x296 ./rtos/src/queue.o
 .debug_macro   0x00002a29      0x350 ./rtos/src/tasks.o
 .debug_macro   0x00002d79       0x16 ./rtos/src/tasks.o
 .debug_macro   0x00002d8f       0x1c ./rtos/src/tasks.o
 .debug_macro   0x00002dab       0x1c ./rtos/src/tasks.o
 .debug_macro   0x00002dc7      0x253 ./rtos/src/timers.o
 .debug_macro   0x0000301a      0x154 /home/guack/ISEL/6º semestre/SEIoT/CMSIS_CORE_LPC17xx/Debug/libCMSIS_CORE_LPC17xx.a(system_LPC17xx.o)
 .debug_macro   0x0000316e      0xade /home/guack/ISEL/6º semestre/SEIoT/CMSIS_CORE_LPC17xx/Debug/libCMSIS_CORE_LPC17xx.a(system_LPC17xx.o)

.debug_line     0x00000000     0x7fa0
 .debug_line    0x00000000      0x127 ./src/cr_startup_lpc175x_6x-FreeRTOS.o
 .debug_line    0x00000127       0xa9 ./src/crp.o
 .debug_line    0x000001d0      0x6b9 ./src/main.o
 .debug_line    0x00000889      0x419 ./src/retarget_printf.o
 .debug_line    0x00000ca2      0x615 ./src/rtos-hooks.o
 .debug_line    0x000012b7      0x35f ./src/rtos-stat.o
 .debug_line    0x00001616      0x721 ./src/task_app.o
 .debug_line    0x00001d37      0x9c7 ./rtos/src/portable/MemMang/heap_4.o
 .debug_line    0x000026fe      0x830 ./rtos/src/portable/GCC/ARM_CM3/port.o
 .debug_line    0x00002f2e      0x6ab ./rtos/src/list.o
 .debug_line    0x000035d9     0x1325 ./rtos/src/queue.o
 .debug_line    0x000048fe     0x1f21 ./rtos/src/tasks.o
 .debug_line    0x0000681f      0xbaa ./rtos/src/timers.o
 .debug_line    0x000073c9      0x553 /home/guack/ISEL/6º semestre/SEIoT/CMSIS_CORE_LPC17xx/Debug/libCMSIS_CORE_LPC17xx.a(system_LPC17xx.o)
 .debug_line    0x0000791c      0x1d6 /opt/mcuxpresso-ide/ide/plugins/com.nxp.mcuxpresso.tools.linux_25.6.0.202501151204/tools/bin/../lib/gcc/arm-none-eabi/14.2.1/../../../../arm-none-eabi/lib/thumb/v7-m/nofp/libcr_newlib_nohost.a(_cr_sbrk.o)
 .debug_line    0x00007af2       0x44 /opt/mcuxpresso-ide/ide/plugins/com.nxp.mcuxpresso.tools.linux_25.6.0.202501151204/tools/bin/../lib/gcc/arm-none-eabi/14.2.1/../../../../arm-none-eabi/lib/thumb/v7-m/nofp/libcr_newlib_nohost.a(_exit.o)
 .debug_line    0x00007b36       0x55 /opt/mcuxpresso-ide/ide/plugins/com.nxp.mcuxpresso.tools.linux_25.6.0.202501151204/tools/bin/../lib/gcc/arm-none-eabi/14.2.1/../../../../arm-none-eabi/lib/thumb/v7-m/nofp/libcr_newlib_nohost.a(close.o)
 .debug_line    0x00007b8b      0x1b3 /opt/mcuxpresso-ide/ide/plugins/com.nxp.mcuxpresso.tools.linux_25.6.0.202501151204/tools/bin/../lib/gcc/arm-none-eabi/14.2.1/../../../../arm-none-eabi/lib/thumb/v7-m/nofp/libcr_newlib_nohost.a(fstat.o)
 .debug_line    0x00007d3e       0x56 /opt/mcuxpresso-ide/ide/plugins/com.nxp.mcuxpresso.tools.linux_25.6.0.202501151204/tools/bin/../lib/gcc/arm-none-eabi/14.2.1/../../../../arm-none-eabi/lib/thumb/v7-m/nofp/libcr_newlib_nohost.a(getpid.o)
 .debug_line    0x00007d94       0x56 /opt/mcuxpresso-ide/ide/plugins/com.nxp.mcuxpresso.tools.linux_25.6.0.202501151204/tools/bin/../lib/gcc/arm-none-eabi/14.2.1/../../../../arm-none-eabi/lib/thumb/v7-m/nofp/libcr_newlib_nohost.a(isatty.o)
 .debug_line    0x00007dea       0x54 /opt/mcuxpresso-ide/ide/plugins/com.nxp.mcuxpresso.tools.linux_25.6.0.202501151204/tools/bin/../lib/gcc/arm-none-eabi/14.2.1/../../../../arm-none-eabi/lib/thumb/v7-m/nofp/libcr_newlib_nohost.a(kill.o)
 .debug_line    0x00007e3e       0x56 /opt/mcuxpresso-ide/ide/plugins/com.nxp.mcuxpresso.tools.linux_25.6.0.202501151204/tools/bin/../lib/gcc/arm-none-eabi/14.2.1/../../../../arm-none-eabi/lib/thumb/v7-m/nofp/libcr_newlib_nohost.a(lseek.o)
 .debug_line    0x00007e94       0x55 /opt/mcuxpresso-ide/ide/plugins/com.nxp.mcuxpresso.tools.linux_25.6.0.202501151204/tools/bin/../lib/gcc/arm-none-eabi/14.2.1/../../../../arm-none-eabi/lib/thumb/v7-m/nofp/libcr_newlib_nohost.a(read.o)
 .debug_line    0x00007ee9       0x56 /opt/mcuxpresso-ide/ide/plugins/com.nxp.mcuxpresso.tools.linux_25.6.0.202501151204/tools/bin/../lib/gcc/arm-none-eabi/14.2.1/../../../../arm-none-eabi/lib/thumb/v7-m/nofp/libcr_newlib_nohost.a(write.o)
 .debug_line    0x00007f3f       0x61 /opt/mcuxpresso-ide/ide/plugins/com.nxp.mcuxpresso.tools.linux_25.6.0.202501151204/tools/bin/../lib/gcc/arm-none-eabi/14.2.1/../../../../arm-none-eabi/lib/thumb/v7-m/nofp/libcr_newlib_nohost.a(_cr_check_heap.o)

.debug_str      0x00000000    0x1ef7c
 .debug_str     0x00000000    0x1ef7c ./src/cr_startup_lpc175x_6x-FreeRTOS.o
                               0x30bc (size before relaxing)
 .debug_str     0x0001ef7c     0x2f67 ./src/crp.o
 .debug_str     0x0001ef7c    0x193f2 ./src/main.o
 .debug_str     0x0001ef7c     0x30f5 ./src/retarget_printf.o
 .debug_str     0x0001ef7c    0x17de7 ./src/rtos-hooks.o
 .debug_str     0x0001ef7c     0x98ac ./src/rtos-stat.o
 .debug_str     0x0001ef7c    0x195a3 ./src/task_app.o
 .debug_str     0x0001ef7c    0x18022 ./rtos/src/portable/MemMang/heap_4.o
 .debug_str     0x0001ef7c    0x18040 ./rtos/src/portable/GCC/ARM_CM3/port.o
 .debug_str     0x0001ef7c    0x1650f ./rtos/src/list.o
 .debug_str     0x0001ef7c    0x18daa ./rtos/src/queue.o
 .debug_str     0x0001ef7c    0x1aa4d ./rtos/src/tasks.o
 .debug_str     0x0001ef7c    0x190fb ./rtos/src/timers.o
 .debug_str     0x0001ef7c     0x9af0 /home/guack/ISEL/6º semestre/SEIoT/CMSIS_CORE_LPC17xx/Debug/libCMSIS_CORE_LPC17xx.a(system_LPC17xx.o)
 .debug_str     0x0001ef7c      0x224 /opt/mcuxpresso-ide/ide/plugins/com.nxp.mcuxpresso.tools.linux_25.6.0.202501151204/tools/bin/../lib/gcc/arm-none-eabi/14.2.1/../../../../arm-none-eabi/lib/thumb/v7-m/nofp/libcr_newlib_nohost.a(_cr_sbrk.o)
 .debug_str     0x0001ef7c      0x1b7 /opt/mcuxpresso-ide/ide/plugins/com.nxp.mcuxpresso.tools.linux_25.6.0.202501151204/tools/bin/../lib/gcc/arm-none-eabi/14.2.1/../../../../arm-none-eabi/lib/thumb/v7-m/nofp/libcr_newlib_nohost.a(_exit.o)
 .debug_str     0x0001ef7c      0x1ca /opt/mcuxpresso-ide/ide/plugins/com.nxp.mcuxpresso.tools.linux_25.6.0.202501151204/tools/bin/../lib/gcc/arm-none-eabi/14.2.1/../../../../arm-none-eabi/lib/thumb/v7-m/nofp/libcr_newlib_nohost.a(close.o)
 .debug_str     0x0001ef7c      0x316 /opt/mcuxpresso-ide/ide/plugins/com.nxp.mcuxpresso.tools.linux_25.6.0.202501151204/tools/bin/../lib/gcc/arm-none-eabi/14.2.1/../../../../arm-none-eabi/lib/thumb/v7-m/nofp/libcr_newlib_nohost.a(fstat.o)
 .debug_str     0x0001ef7c      0x1c5 /opt/mcuxpresso-ide/ide/plugins/com.nxp.mcuxpresso.tools.linux_25.6.0.202501151204/tools/bin/../lib/gcc/arm-none-eabi/14.2.1/../../../../arm-none-eabi/lib/thumb/v7-m/nofp/libcr_newlib_nohost.a(getpid.o)
 .debug_str     0x0001ef7c      0x1ca /opt/mcuxpresso-ide/ide/plugins/com.nxp.mcuxpresso.tools.linux_25.6.0.202501151204/tools/bin/../lib/gcc/arm-none-eabi/14.2.1/../../../../arm-none-eabi/lib/thumb/v7-m/nofp/libcr_newlib_nohost.a(isatty.o)
 .debug_str     0x0001ef7c      0x1c1 /opt/mcuxpresso-ide/ide/plugins/com.nxp.mcuxpresso.tools.linux_25.6.0.202501151204/tools/bin/../lib/gcc/arm-none-eabi/14.2.1/../../../../arm-none-eabi/lib/thumb/v7-m/nofp/libcr_newlib_nohost.a(kill.o)
 .debug_str     0x0001ef7c      0x1c8 /opt/mcuxpresso-ide/ide/plugins/com.nxp.mcuxpresso.tools.linux_25.6.0.202501151204/tools/bin/../lib/gcc/arm-none-eabi/14.2.1/../../../../arm-none-eabi/lib/thumb/v7-m/nofp/libcr_newlib_nohost.a(lseek.o)
 .debug_str     0x0001ef7c      0x1c6 /opt/mcuxpresso-ide/ide/plugins/com.nxp.mcuxpresso.tools.linux_25.6.0.202501151204/tools/bin/../lib/gcc/arm-none-eabi/14.2.1/../../../../arm-none-eabi/lib/thumb/v7-m/nofp/libcr_newlib_nohost.a(read.o)
 .debug_str     0x0001ef7c      0x1c8 /opt/mcuxpresso-ide/ide/plugins/com.nxp.mcuxpresso.tools.linux_25.6.0.202501151204/tools/bin/../lib/gcc/arm-none-eabi/14.2.1/../../../../arm-none-eabi/lib/thumb/v7-m/nofp/libcr_newlib_nohost.a(write.o)
 .debug_str     0x0001ef7c      0x186 /opt/mcuxpresso-ide/ide/plugins/com.nxp.mcuxpresso.tools.linux_25.6.0.202501151204/tools/bin/../lib/gcc/arm-none-eabi/14.2.1/../../../../arm-none-eabi/lib/thumb/v7-m/nofp/libcr_newlib_nohost.a(_cr_check_heap.o)

.comment        0x00000000       0x45
 .comment       0x00000000       0x45 ./src/cr_startup_lpc175x_6x-FreeRTOS.o
                                 0x46 (size before relaxing)
 .comment       0x00000045       0x46 ./src/crp.o
 .comment       0x00000045       0x46 ./src/main.o
 .comment       0x00000045       0x46 ./src/retarget_printf.o
 .comment       0x00000045       0x46 ./src/rtos-hooks.o
 .comment       0x00000045       0x46 ./src/rtos-stat.o
 .comment       0x00000045       0x46 ./src/task_app.o
 .comment       0x00000045       0x46 ./rtos/src/portable/MemMang/heap_4.o
 .comment       0x00000045       0x46 ./rtos/src/portable/GCC/ARM_CM3/port.o
 .comment       0x00000045       0x46 ./rtos/src/list.o
 .comment       0x00000045       0x46 ./rtos/src/queue.o
 .comment       0x00000045       0x46 ./rtos/src/tasks.o
 .comment       0x00000045       0x46 ./rtos/src/timers.o
 .comment       0x00000045       0x46 /home/guack/ISEL/6º semestre/SEIoT/DRIVERS/Release/libDRIVERS.a(led.o)
 .comment       0x00000045       0x46 /home/guack/ISEL/6º semestre/SEIoT/DRIVERS/Release/libDRIVERS.a(pin.o)
 .comment       0x00000045       0x46 /home/guack/ISEL/6º semestre/SEIoT/DRIVERS/Release/libDRIVERS.a(pinconfig.o)
 .comment       0x00000045       0x46 /home/guack/ISEL/6º semestre/SEIoT/CMSIS_CORE_LPC17xx/Debug/libCMSIS_CORE_LPC17xx.a(system_LPC17xx.o)
 .comment       0x00000045       0x46 /opt/mcuxpresso-ide/ide/plugins/com.nxp.mcuxpresso.tools.linux_25.6.0.202501151204/tools/bin/../lib/gcc/arm-none-eabi/14.2.1/../../../../arm-none-eabi/lib/thumb/v7-m/nofp/libcr_newlib_nohost.a(_cr_sbrk.o)
 .comment       0x00000045       0x46 /opt/mcuxpresso-ide/ide/plugins/com.nxp.mcuxpresso.tools.linux_25.6.0.202501151204/tools/bin/../lib/gcc/arm-none-eabi/14.2.1/../../../../arm-none-eabi/lib/thumb/v7-m/nofp/libcr_newlib_nohost.a(_exit.o)
 .comment       0x00000045       0x46 /opt/mcuxpresso-ide/ide/plugins/com.nxp.mcuxpresso.tools.linux_25.6.0.202501151204/tools/bin/../lib/gcc/arm-none-eabi/14.2.1/../../../../arm-none-eabi/lib/thumb/v7-m/nofp/libcr_newlib_nohost.a(close.o)
 .comment       0x00000045       0x46 /opt/mcuxpresso-ide/ide/plugins/com.nxp.mcuxpresso.tools.linux_25.6.0.202501151204/tools/bin/../lib/gcc/arm-none-eabi/14.2.1/../../../../arm-none-eabi/lib/thumb/v7-m/nofp/libcr_newlib_nohost.a(fstat.o)
 .comment       0x00000045       0x46 /opt/mcuxpresso-ide/ide/plugins/com.nxp.mcuxpresso.tools.linux_25.6.0.202501151204/tools/bin/../lib/gcc/arm-none-eabi/14.2.1/../../../../arm-none-eabi/lib/thumb/v7-m/nofp/libcr_newlib_nohost.a(getpid.o)