13:50:17 **** Incremental Build of configuration Debug for project CMSIS_CORE_LPC17xx ****
make -r -j12 all 
make[1]: Nothing to be done for 'main-build'.
Performing post-build steps
arm-none-eabi-size "libCMSIS_CORE_LPC17xx.a" ; # arm-none-eabi-objdump -h -S "libCMSIS_CORE_LPC17xx.a" >"libCMSIS_CORE_LPC17xx.lss"
   text	   data	    bss	    dec	    hex	filename
    400	      4	      0	    404	    194	system_LPC17xx.o (ex libCMSIS_CORE_LPC17xx.a)
 

13:50:17 Build Finished. 0 errors, 0 warnings. (took 684ms)

